Component: ARM Compiler 5.05 update 1 (build 106) Tool: armlink [4d0efa]

==============================================================================

Section Cross References

    main.o(.text) refers to delay.o(.text) for delay_init
    main.o(.text) refers to sys.o(.text) for NVIC_Configuration
    main.o(.text) refers to usart.o(.text) for uart_init
    main.o(.text) refers to ds1302.o(.text) for InitClock
    main.o(.text) refers to timer.o(.text) for TIM3_Int_Init
    main.o(.text) refers to fingerprint.o(.text) for VefPSW
    main.o(.text) refers to communication.o(.text) for sendUartLocatAddress
    main.o(.text) refers to fingerprint.o(.data) for IsAppointUserID
    main.o(.text) refers to communication.o(.data) for addNewUserID
    main.o(.text) refers to fingerprint.o(.data) for searchnum
    main.o(.text) refers to usart.o(.data) for sendLocalAddressFlag
    main.o(.text) refers to fingerprint.o(.data) for modeflag
    main.o(.text) refers to fingerprint.o(.data) for SaveNumber
    main.o(.text) refers to fingerprint.o(.data) for clearallflag
    main.o(.text) refers to fingerprint.o(.data) for DelNumber
    main.o(.text) refers to fingerprint.o(.data) for changeflag
    system_stm32f10x.o(.text) refers to system_stm32f10x.o(.data) for .data
    timer.o(.text) refers to stm32f10x_rcc.o(.text) for RCC_APB1PeriphClockCmd
    timer.o(.text) refers to stm32f10x_tim.o(.text) for TIM_TimeBaseInit
    timer.o(.text) refers to misc.o(.text) for NVIC_Init
    timer.o(.text) refers to fingerprint.o(.data) for clk0
    fingerprint.o(.text) refers to stm32f10x_usart.o(.text) for USART_ClearFlag
    fingerprint.o(.text) refers to delay.o(.text) for delay_ms
    fingerprint.o(.text) refers to fingerprint.o(.data) for .data
    fingerprint.o(.text) refers to fingerprint.o(.bss) for .bss
    delay.o(.text) refers to misc.o(.text) for SysTick_CLKSourceConfig
    delay.o(.text) refers to system_stm32f10x.o(.data) for SystemCoreClock
    delay.o(.text) refers to delay.o(.data) for .data
    sys.o(.text) refers to misc.o(.text) for NVIC_PriorityGroupConfig
    usart.o(.text) refers to stm32f10x_rcc.o(.text) for RCC_APB2PeriphClockCmd
    usart.o(.text) refers to stm32f10x_usart.o(.text) for USART_DeInit
    usart.o(.text) refers to stm32f10x_gpio.o(.text) for GPIO_Init
    usart.o(.text) refers to misc.o(.text) for NVIC_Init
    usart.o(.text) refers to communication.o(.text) for RespondToPacket
    usart.o(.text) refers to usart.o(.data) for .data
    usart.o(.text) refers to usart.o(.bss) for .bss
    usart.o(.text) refers to communication.o(.data) for Protocol_packetStratData
    usart.o(.text) refers to communication.o(.data) for Protocol_addressReadRequestData
    communication.o(.text) refers to usart.o(.text) for sendUart2OneByte
    communication.o(.text) refers to h1_free.o(.text) for free
    communication.o(.text) refers to calloc.o(.text) for calloc
    communication.o(.text) refers to rt_memcpy_v6.o(.text) for __aeabi_memcpy
    communication.o(.text) refers to ds1302.o(.text) for ReadDS1302ClockASCII
    communication.o(.text) refers to communication.o(.data) for .data
    communication.o(.text) refers to usart.o(.data) for isThePacketEnd
    communication.o(.text) refers to usart.o(.data) for isDisableCheckSum
    communication.o(.text) refers to fingerprint.o(.data) for modeflag
    communication.o(.text) refers to usart.o(.bss) for packetUserReceiveData
    communication.o(.text) refers to fingerprint.o(.data) for SaveNumber
    communication.o(.text) refers to fingerprint.o(.data) for IsAppointUserID
    communication.o(.text) refers to fingerprint.o(.data) for DelNumber
    communication.o(.text) refers to fingerprint.o(.data) for clearallflag
    ds1302.o(.text) refers to stm32f10x_rcc.o(.text) for RCC_APB2PeriphClockCmd
    ds1302.o(.text) refers to stm32f10x_gpio.o(.text) for GPIO_ResetBits
    ds1302.o(.text) refers to ds1302.o(.data) for .data
    startup_stm32f10x_hd.o(STACK) refers (Special) to heapauxi.o(.text) for __use_two_region_memory
    startup_stm32f10x_hd.o(HEAP) refers (Special) to heapauxi.o(.text) for __use_two_region_memory
    startup_stm32f10x_hd.o(RESET) refers (Special) to heapauxi.o(.text) for __use_two_region_memory
    startup_stm32f10x_hd.o(RESET) refers to startup_stm32f10x_hd.o(STACK) for __initial_sp
    startup_stm32f10x_hd.o(RESET) refers to startup_stm32f10x_hd.o(.text) for Reset_Handler
    startup_stm32f10x_hd.o(RESET) refers to stm32f10x_it.o(.text) for NMI_Handler
    startup_stm32f10x_hd.o(RESET) refers to timer.o(.text) for TIM3_IRQHandler
    startup_stm32f10x_hd.o(RESET) refers to usart.o(.text) for USART1_IRQHandler
    startup_stm32f10x_hd.o(.text) refers (Special) to heapauxi.o(.text) for __use_two_region_memory
    startup_stm32f10x_hd.o(.text) refers to system_stm32f10x.o(.text) for SystemInit
    startup_stm32f10x_hd.o(.text) refers to __main.o(!!!main) for __main
[...]
    libinit.o(.ARM.Collect$$libinit$$00000000) refers (Special) to libinit2.o(.ARM.Collect$$libinit$$0000000E) for __rt_lib_init_rand_1
    libinit.o(.ARM.Collect$$libinit$$00000000) refers (Special) to libinit2.o(.ARM.Collect$$libinit$$00000033) for __rt_lib_init_return
    libinit.o(.ARM.Collect$$libinit$$00000000) refers (Special) to libinit2.o(.ARM.Collect$$libinit$$0000001D) for __rt_lib_init_signal_1
    libinit.o(.ARM.Collect$$libinit$$00000000) refers (Special) to libinit2.o(.ARM.Collect$$libinit$$00000025) for __rt_lib_init_stdio_1
    libinit.o(.ARM.Collect$$libinit$$00000000) refers (Special) to libinit2.o(.ARM.Collect$$libinit$$0000000C) for __rt_lib_init_user_alloc_1
    sys_exit.o(.text) refers (Special) to use_no_semi.o(.text) for __I$use$semihosting
    sys_exit.o(.text) refers (Special) to indicate_semi.o(.text) for __semihosting_library_function
    rtexit.o(.ARM.Collect$$rtexit$$00000000) refers (Special) to rtexit2.o(.ARM.Collect$$rtexit$$00000004) for __rt_exit_exit
    rtexit.o(.ARM.Collect$$rtexit$$00000000) refers (Special) to rtexit2.o(.ARM.Collect$$rtexit$$00000003) for __rt_exit_ls
    rtexit.o(.ARM.Collect$$rtexit$$00000000) refers (Special) to rtexit2.o(.ARM.Collect$$rtexit$$00000002) for __rt_exit_prels_1
    rtexit.o(.ARM.exidx) refers (Special) to rtexit2.o(.ARM.Collect$$rtexit$$00000004) for __rt_exit_exit
    rtexit.o(.ARM.exidx) refers (Special) to rtexit2.o(.ARM.Collect$$rtexit$$00000003) for __rt_exit_ls
    rtexit.o(.ARM.exidx) refers (Special) to rtexit2.o(.ARM.Collect$$rtexit$$00000002) for __rt_exit_prels_1
    rtexit.o(.ARM.exidx) refers to rtexit.o(.ARM.Collect$$rtexit$$00000000) for .ARM.Collect$$rtexit$$00000000
    __raise.o(.text) refers to defsig.o(CL$$defsig) for __default_signal_handler
    defsig_general.o(.text) refers to sys_wrch.o(.text) for _ttywrch
    _get_argv_nomalloc.o(.text) refers (Special) to hrguard.o(.text) for __heap_region$guard
    _get_argv_nomalloc.o(.text) refers to defsig_rtmem_outer.o(.text) for __rt_SIGRTMEM
    _get_argv_nomalloc.o(.text) refers to sys_command.o(.text) for _sys_command_string
    libshutdown2.o(.ARM.Collect$$libshutdown$$0000000C) refers (Weak) to term_alloc.o(.text) for _terminate_alloc
    sys_wrch.o(.text) refers (Special) to use_no_semi.o(.text) for __I$use$semihosting
    sys_wrch.o(.text) refers (Special) to indicate_semi.o(.text) for __semihosting_library_function
    rtexit2.o(.ARM.Collect$$rtexit$$00000003) refers to libshutdown.o(.ARM.Collect$$libshutdown$$00000000) for __rt_lib_shutdown
    rtexit2.o(.ARM.Collect$$rtexit$$00000004) refers to sys_exit.o(.text) for _sys_exit
    rtexit2.o(.ARM.exidx) refers to rtexit2.o(.ARM.Collect$$rtexit$$00000001) for .ARM.Collect$$rtexit$$00000001
    rtexit2.o(.ARM.exidx) refers to rtexit2.o(.ARM.Collect$$rtexit$$00000003) for .ARM.Collect$$rtexit$$00000003
    rtexit2.o(.ARM.exidx) refers to rtexit2.o(.ARM.Collect$$rtexit$$00000004) for .ARM.Collect$$rtexit$$00000004
    defsig.o(CL$$defsig) refers to defsig_rtmem_inner.o(.text) for __rt_SIGRTMEM_inner
    defsig_abrt_inner.o(.text) refers to defsig_general.o(.text) for __default_signal_display
    defsig_fpe_inner.o(.text) refers to defsig_general.o(.text) for __default_signal_display
    defsig_rtred_inner.o(.text) refers to defsig_general.o(.text) for __default_signal_display
    defsig_stak_inner.o(.text) refers to defsig_general.o(.text) for __default_signal_display
    defsig_pvfn_inner.o(.text) refers to defsig_general.o(.text) for __default_signal_display
    defsig_cppl_inner.o(.text) refers to defsig_general.o(.text) for __default_signal_display
    defsig_segv_inner.o(.text) refers to defsig_general.o(.text) for __default_signal_display
    defsig_other.o(.text) refers to defsig_general.o(.text) for __default_signal_display
    libshutdown.o(.ARM.Collect$$libshutdown$$00000000) refers (Special) to libshutdown2.o(.ARM.Collect$$libshutdown$$00000006) for __rt_lib_shutdown_fp_trap_1
    libshutdown.o(.ARM.Collect$$libshutdown$$00000000) refers (Special) to libshutdown2.o(.ARM.Collect$$libshutdown$$0000000E) for __rt_lib_shutdown_heap_1
    libshutdown.o(.ARM.Collect$$libshutdown$$00000000) refers (Special) to libshutdown2.o(.ARM.Collect$$libshutdown$$0000000F) for __rt_lib_shutdown_return
    libshutdown.o(.ARM.Collect$$libshutdown$$00000000) refers (Special) to libshutdown2.o(.ARM.Collect$$libshutdown$$00000009) for __rt_lib_shutdown_signal_1
    libshutdown.o(.ARM.Collect$$libshutdown$$00000000) refers (Special) to libshutdown2.o(.ARM.Collect$$libshutdown$$00000003) for __rt_lib_shutdown_stdio_1
    libshutdown.o(.ARM.Collect$$libshutdown$$00000000) refers (Special) to libshutdown2.o(.ARM.Collect$$libshutdown$$0000000B) for __rt_lib_shutdown_user_alloc_1


==============================================================================

Removing Unused input sections from the image.

    Removing usart.o(.bss), (200 bytes).
    Removing usart.o(.data), (2 bytes).
    Removing core_cm3.o(.emb_text), (32 bytes).

3 unused section(s) (total 234 bytes) removed from the image.

==============================================================================

Image Symbol Table

    Local Symbols

    Symbol Name                              Value     Ov Type        Size  Object(Section)

    ../clib/angel/boardlib.s                 0x00000000   Number         0  boardinit3.o ABSOLUTE
    ../clib/angel/boardlib.s                 0x00000000   Number         0  boardshut.o ABSOLUTE
    ../clib/angel/boardlib.s                 0x00000000   Number         0  boardinit2.o ABSOLUTE
    ../clib/angel/boardlib.s                 0x00000000   Number         0  boardinit1.o ABSOLUTE
    ../clib/angel/handlers.s                 0x00000000   Number         0  __scatter_copy.o ABSOLUTE
    ../clib/angel/handlers.s                 0x00000000   Number         0  __scatter_zi.o ABSOLUTE
    ../clib/angel/kernel.s                   0x00000000   Number         0  __rtentry4.o ABSOLUTE
    ../clib/angel/kernel.s                   0x00000000   Number         0  __rtentry2.o ABSOLUTE
    ../clib/angel/kernel.s                   0x00000000   Number         0  rtexit2.o ABSOLUTE
    ../clib/angel/kernel.s                   0x00000000   Number         0  __rtentry.o ABSOLUTE
    ../clib/angel/kernel.s                   0x00000000   Number         0  rtexit.o ABSOLUTE
    ../clib/angel/rt.s                       0x00000000   Number         0  rt_heap_descriptor.o ABSOLUTE
    ../clib/angel/rt.s                       0x00000000   Number         0  rt_raise.o ABSOLUTE
    ../clib/angel/rt.s                       0x00000000   Number         0  rt_heap_descriptor_intlibspace.o ABSOLUTE
    ../clib/angel/scatter.s                  0x00000000   Number         0  __scatter.o ABSOLUTE
    ../clib/angel/startup.s                  0x00000000   Number         0  __main.o ABSOLUTE
    ../clib/angel/sys.s                      0x00000000   Number         0  use_no_semi.o ABSOLUTE
    ../clib/angel/sys.s                      0x00000000   Number         0  mutex_dummy.o ABSOLUTE
    ../clib/angel/sys.s                      0x00000000   Number         0  libspace.o ABSOLUTE
    ../clib/angel/sys.s                      0x00000000   Number         0  indicate_semi.o ABSOLUTE
    ../clib/angel/sys.s                      0x00000000   Number         0  sys_stackheap_outer.o ABSOLUTE
    ../clib/angel/sysapp.c                   0x00000000   Number         0  sys_wrch.o ABSOLUTE
    ../clib/angel/sysapp.c                   0x00000000   Number         0  sys_exit.o ABSOLUTE
    ../clib/angel/sysapp.c                   0x00000000   Number         0  sys_command.o ABSOLUTE
    ../clib/armsys.c                         0x00000000   Number         0  argv_veneer.o ABSOLUTE
    ../clib/armsys.c                         0x00000000   Number         0  argv_veneer.o ABSOLUTE
    ../clib/armsys.c                         0x00000000   Number         0  _get_argv.o ABSOLUTE
    ../clib/armsys.c                         0x00000000   Number         0  _get_argv_nomalloc.o ABSOLUTE
    ../clib/armsys.c                         0x00000000   Number         0  no_argv.o ABSOLUTE
    ../clib/heap1.c                          0x00000000   Number         0  h1_extend_mt.o ABSOLUTE
    ../clib/heap1.c                          0x00000000   Number         0  h1_init_mt.o ABSOLUTE
    ../clib/heap1.c                          0x00000000   Number         0  h1_final.o ABSOLUTE
    ../clib/heap1.c                          0x00000000   Number         0  h1_extend.o ABSOLUTE
    ../clib/heap1.c                          0x00000000   Number         0  h1_final_mt.o ABSOLUTE
    ../clib/heap1.c                          0x00000000   Number         0  h1_alloc_mt.o ABSOLUTE
    ../clib/heap1.c                          0x00000000   Number         0  h1_free_mt.o ABSOLUTE
    ../clib/heap1.c                          0x00000000   Number         0  h1_alloc.o ABSOLUTE
    ../clib/heap1.c                          0x00000000   Number         0  h1_init.o ABSOLUTE
    ../clib/heap1.c                          0x00000000   Number         0  h1_free.o ABSOLUTE
    ../clib/heap2.c                          0x00000000   Number         0  fdtree.o ABSOLUTE
    ../clib/heap2.c                          0x00000000   Number         0  heap2mt.o ABSOLUTE
    ../clib/heap2.c                          0x00000000   Number         0  heap2.o ABSOLUTE
    ../clib/heapalloc.c                      0x00000000   Number         0  maybetermalloc1.o ABSOLUTE
    ../clib/heapalloc.c                      0x00000000   Number         0  malloc.o ABSOLUTE
    ../clib/heapalloc.c                      0x00000000   Number         0  maybetermalloc2.o ABSOLUTE
    ../clib/heapalloc.c                      0x00000000   Number         0  maybetermalloc2.o ABSOLUTE
    ../clib/heapalloc.c                      0x00000000   Number         0  term_alloc.o ABSOLUTE
    ../clib/heapalloc.c                      0x00000000   Number         0  calloc.o ABSOLUTE
    ../clib/heapalloc.c                      0x00000000   Number         0  free.o ABSOLUTE
    ../clib/heapalloc.c                      0x00000000   Number         0  hrguard.o ABSOLUTE
    ../clib/heapalloc.c                      0x00000000   Number         0  heapstubs.o ABSOLUTE
    ../clib/heapalloc.c                      0x00000000   Number         0  maybetermalloc1.o ABSOLUTE
    ../clib/heapalloc.c                      0x00000000   Number         0  init_alloc.o ABSOLUTE
    ../clib/heapalloc.c                      0x00000000   Number         0  hguard.o ABSOLUTE
    ../clib/heapaux.c                        0x00000000   Number         0  heapauxa.o ABSOLUTE
    ../clib/heapaux.c                        0x00000000   Number         0  heapauxi.o ABSOLUTE
    ../clib/libinit.s                        0x00000000   Number         0  libinit.o ABSOLUTE
    ../clib/libinit.s                        0x00000000   Number         0  libinit2.o ABSOLUTE
    ../clib/libinit.s                        0x00000000   Number         0  libshutdown2.o ABSOLUTE
    ../clib/libinit.s                        0x00000000   Number         0  libshutdown.o ABSOLUTE
    ../clib/memcpset.s                       0x00000000   Number         0  rt_memcpy_w.o ABSOLUTE
    ../clib/memcpset.s                       0x00000000   Number         0  rt_memclr_w.o ABSOLUTE
    ../clib/memcpset.s                       0x00000000   Number         0  rt_memclr.o ABSOLUTE
    ../clib/memcpset.s                       0x00000000   Number         0  rt_memcpy_v6.o ABSOLUTE
    ../clib/signal.c                         0x00000000   Number         0  defsig_rtmem_formal.o ABSOLUTE
    ../clib/signal.c                         0x00000000   Number         0  defsig_rtmem_inner.o ABSOLUTE
    ../clib/signal.c                         0x00000000   Number         0  __raise.o ABSOLUTE
    ../clib/signal.c                         0x00000000   Number         0  defsig_rtmem_outer.o ABSOLUTE
    ../clib/signal.c                         0x00000000   Number         0  defsig_general.o ABSOLUTE
    ../clib/signal.c                         0x00000000   Number         0  defsig_abrt_inner.o ABSOLUTE
    ../clib/signal.c                         0x00000000   Number         0  defsig_fpe_inner.o ABSOLUTE
    ../clib/signal.c                         0x00000000   Number         0  defsig_rtred_inner.o ABSOLUTE
    ../clib/signal.c                         0x00000000   Number         0  defsig_stak_inner.o ABSOLUTE
    ../clib/signal.c                         0x00000000   Number         0  defsig_pvfn_inner.o ABSOLUTE
    ../clib/signal.c                         0x00000000   Number         0  defsig_cppl_inner.o ABSOLUTE
    ../clib/signal.c                         0x00000000   Number         0  defsig_segv_inner.o ABSOLUTE
    ../clib/signal.c                         0x00000000   Number         0  defsig_other.o ABSOLUTE
    ../clib/signal.c                         0x00000000   Number         0  defsig_exit.o ABSOLUTE
    ../clib/signal.s                         0x00000000   Number         0  defsig.o ABSOLUTE
    ../clib/stdlib.c                         0x00000000   Number         0  exit.o ABSOLUTE
    ../fplib/fpinit.s                        0x00000000   Number         0  fpinit.o ABSOLUTE
    ..\CORE\core_cm3.c                       0x00000000   Number         0  core_cm3.o ABSOLUTE
    ..\CORE\startup_stm32f10x_hd.s           0x00000000   Number         0  startup_stm32f10x_hd.o ABSOLUTE
    ..\HARDWARE\FINGERPRINT\fingerprint.c    0x00000000   Number         0  fingerprint.o ABSOLUTE
    ..\HARDWARE\TIMER\timer.c                0x00000000   Number         0  timer.o ABSOLUTE
    ..\STM32F10x_FWLib\src\misc.c            0x00000000   Number         0  misc.o ABSOLUTE
    ..\STM32F10x_FWLib\src\stm32f10x_gpio.c  0x00000000   Number         0  stm32f10x_gpio.o ABSOLUTE
    ..\STM32F10x_FWLib\src\stm32f10x_rcc.c   0x00000000   Number         0  stm32f10x_rcc.o ABSOLUTE
    ..\STM32F10x_FWLib\src\stm32f10x_tim.c   0x00000000   Number         0  stm32f10x_tim.o ABSOLUTE
    ..\STM32F10x_FWLib\src\stm32f10x_usart.c 0x00000000   Number         0  stm32f10x_usart.o ABSOLUTE
    ..\SYSTEM\Communication\Communication.c  0x00000000   Number         0  communication.o ABSOLUTE
    ..\SYSTEM\delay\delay.c                  0x00000000   Number         0  delay.o ABSOLUTE
    ..\SYSTEM\ds1302\ds1302.c                0x00000000   Number         0  ds1302.o ABSOLUTE
    ..\SYSTEM\sys\sys.c                      0x00000000   Number         0  sys.o ABSOLUTE
    ..\SYSTEM\usart\usart.c                  0x00000000   Number         0  usart.o ABSOLUTE
    ..\\CORE\\core_cm3.c                     0x00000000   Number         0  core_cm3.o ABSOLUTE
    dc.s                                     0x00000000   Number         0  dc.o ABSOLUTE
    main.c                                   0x00000000   Number         0  main.o ABSOLUTE
    stm32f10x_it.c                           0x00000000   Number         0  stm32f10x_it.o ABSOLUTE
    system_stm32f10x.c                       0x00000000   Number         0  system_stm32f10x.o ABSOLUTE
    RESET                                    0x08000000   Section      304  startup_stm32f10x_hd.o(RESET)
    !!!main                                  0x08000130   Section        8  __main.o(!!!main)
    !!!scatter                               0x08000138   Section       52  __scatter.o(!!!scatter)
    !!handler_copy                           0x0800016c   Section       26  __scatter_copy.o(!!handler_copy)
    !!handler_zi                             0x08000188   Section       28  __scatter_zi.o(!!handler_zi)
    .ARM.Collect$$libinit$$00000000          0x080001a4   Section        2  libinit.o(.ARM.Collect$$libinit$$00000000)
    .ARM.Collect$$libinit$$00000002          0x080001a6   Section        0  libinit2.o(.ARM.Collect$$libinit$$00000002)
    .ARM.Collect$$libinit$$00000004          0x080001a6   Section        0  libinit2.o(.ARM.Collect$$libinit$$00000004)
    .ARM.Collect$$libinit$$00000005          0x080001a6   Section        8  libinit2.o(.ARM.Collect$$libinit$$00000005)
    .ARM.Collect$$libinit$$0000000A          0x080001ae   Section        0  libinit2.o(.ARM.Collect$$libinit$$0000000A)
    .ARM.Collect$$libinit$$0000000C          0x080001ae   Section        0  libinit2.o(.ARM.Collect$$libinit$$0000000C)
    .ARM.Collect$$libinit$$0000000E          0x080001ae   Section        0  libinit2.o(.ARM.Collect$$libinit$$0000000E)
    .ARM.Collect$$libinit$$00000011          0x080001ae   Section        0  libinit2.o(.ARM.Collect$$libinit$$00000011)
    .ARM.Collect$$libinit$$00000013          0x080001ae   Section        0  libinit2.o(.ARM.Collect$$libinit$$00000013)
    .ARM.Collect$$libinit$$00000015          0x080001ae   Section        0  libinit2.o(.ARM.Collect$$libinit$$00000015)
    .ARM.Collect$$libinit$$00000017          0x080001ae   Section        0  libinit2.o(.ARM.Collect$$libinit$$00000017)
    .ARM.Collect$$libinit$$00000019          0x080001ae   Section        0  libinit2.o(.ARM.Collect$$libinit$$00000019)
    .ARM.Collect$$libinit$$0000001B          0x080001ae   Section        0  libinit2.o(.ARM.Collect$$libinit$$0000001B)
    .ARM.Collect$$libinit$$0000001D          0x080001ae   Section        0  libinit2.o(.ARM.Collect$$libinit$$0000001D)
    .ARM.Collect$$libinit$$0000001F          0x080001ae   Section        0  libinit2.o(.ARM.Collect$$libinit$$0000001F)
    .ARM.Collect$$libinit$$00000021          0x080001ae   Section        0  libinit2.o(.ARM.Collect$$libinit$$00000021)
    .ARM.Collect$$libinit$$00000023          0x080001ae   Section        0  libinit2.o(.ARM.Collect$$libinit$$00000023)
    .ARM.Collect$$libinit$$00000025          0x080001ae   Section        0  libinit2.o(.ARM.Collect$$libinit$$00000025)
    .ARM.Collect$$libinit$$0000002C          0x080001ae   Section        0  libinit2.o(.ARM.Collect$$libinit$$0000002C)
    .ARM.Collect$$libinit$$0000002E          0x080001ae   Section        0  libinit2.o(.ARM.Collect$$libinit$$0000002E)
    .ARM.Collect$$libinit$$00000030          0x080001ae   Section        0  libinit2.o(.ARM.Collect$$libinit$$00000030)
    .ARM.Collect$$libinit$$00000032          0x080001ae   Section        0  libinit2.o(.ARM.Collect$$libinit$$00000032)
    .ARM.Collect$$libinit$$00000033          0x080001ae   Section        2  libinit2.o(.ARM.Collect$$libinit$$00000033)
    .ARM.Collect$$libshutdown$$00000000      0x080001b0   Section        2  libshutdown.o(.ARM.Collect$$libshutdown$$00000000)
    .ARM.Collect$$libshutdown$$00000003      0x080001b2   Section        0  libshutdown2.o(.ARM.Collect$$libshutdown$$00000003)
    .ARM.Collect$$libshutdown$$00000006      0x080001b2   Section        0  libshutdown2.o(.ARM.Collect$$libshutdown$$00000006)
    .ARM.Collect$$libshutdown$$00000009      0x080001b2   Section        0  libshutdown2.o(.ARM.Collect$$libshutdown$$00000009)
    .ARM.Collect$$libshutdown$$0000000B      0x080001b2   Section        0  libshutdown2.o(.ARM.Collect$$libshutdown$$0000000B)
    .ARM.Collect$$libshutdown$$0000000E      0x080001b2   Section        0  libshutdown2.o(.ARM.Collect$$libshutdown$$0000000E)
    .ARM.Collect$$libshutdown$$0000000F      0x080001b2   Section        2  libshutdown2.o(.ARM.Collect$$libshutdown$$0000000F)
    .ARM.Collect$$rtentry$$00000000          0x080001b4   Section        0  __rtentry.o(.ARM.Collect$$rtentry$$00000000)
    .ARM.Collect$$rtentry$$00000002          0x080001b4   Section        0  __rtentry2.o(.ARM.Collect$$rtentry$$00000002)
    .ARM.Collect$$rtentry$$00000004          0x080001b4   Section        6  __rtentry4.o(.ARM.Collect$$rtentry$$00000004)
    .ARM.Collect$$rtentry$$00000009          0x080001ba   Section        0  __rtentry2.o(.ARM.Collect$$rtentry$$00000009)
    .ARM.Collect$$rtentry$$0000000A          0x080001ba   Section        4  __rtentry2.o(.ARM.Collect$$rtentry$$0000000A)
    .ARM.Collect$$rtentry$$0000000C          0x080001be   Section        0  __rtentry2.o(.ARM.Collect$$rtentry$$0000000C)
    .ARM.Collect$$rtentry$$0000000D          0x080001be   Section        8  __rtentry2.o(.ARM.Collect$$rtentry$$0000000D)
    .ARM.Collect$$rtexit$$00000000           0x080001c6   Section        2  rtexit.o(.ARM.Collect$$rtexit$$00000000)
    .ARM.Collect$$rtexit$$00000002           0x080001c8   Section        0  rtexit2.o(.ARM.Collect$$rtexit$$00000002)
    .ARM.Collect$$rtexit$$00000003           0x080001c8   Section        4  rtexit2.o(.ARM.Collect$$rtexit$$00000003)
    .ARM.Collect$$rtexit$$00000004           0x080001cc   Section        6  rtexit2.o(.ARM.Collect$$rtexit$$00000004)
    .emb_text                                0x080001d4   Section        0  maybetermalloc1.o(.emb_text)
    .text                                    0x080001d4   Section        0  main.o(.text)
    .text                                    0x0800031c   Section        0  stm32f10x_it.o(.text)
    .text                                    0x08000330   Section        0  system_stm32f10x.o(.text)
    SetSysClockTo72                          0x08000331   Thumb Code   166  system_stm32f10x.o(.text)
    SetSysClock                              0x080003d7   Thumb Code     2  system_stm32f10x.o(.text)
    .text                                    0x080004a4   Section        0  timer.o(.text)
    .text                                    0x08000540   Section        0  fingerprint.o(.text)
    .text                                    0x08000894   Section        0  delay.o(.text)
    .text                                    0x0800092c   Section        0  sys.o(.text)
    .text                                    0x08000934   Section        0  usart.o(.text)
    .text                                    0x08000c0c   Section        0  communication.o(.text)
    .text                                    0x08000f4c   Section        0  ds1302.o(.text)
    DelayNOP                                 0x08000f79   Thumb Code     8  ds1302.o(.text)
    DS1302_OUT                               0x08000f81   Thumb Code    18  ds1302.o(.text)
    DS1302_IN                                0x08000f93   Thumb Code    18  ds1302.o(.text)
    .text                                    0x08001374   Section       64  startup_stm32f10x_hd.o(.text)
    .text                                    0x080013b4   Section        0  stm32f10x_gpio.o(.text)
    .text                                    0x0800164c   Section        0  stm32f10x_rcc.o(.text)
    .text                                    0x08001940   Section        0  stm32f10x_usart.o(.text)
    .text                                    0x08001cdc   Section        0  misc.o(.text)
    .text                                    0x08001d94   Section        0  stm32f10x_tim.o(.text)
    TI4_Config                               0x080021fd   Thumb Code   102  stm32f10x_tim.o(.text)
    TI3_Config                               0x08002273   Thumb Code    98  stm32f10x_tim.o(.text)
    TI2_Config                               0x080022ed   Thumb Code   102  stm32f10x_tim.o(.text)
    TI1_Config                               0x08002363   Thumb Code    94  stm32f10x_tim.o(.text)
    .text                                    0x080029be   Section        0  calloc.o(.text)
    .text                                    0x080029e6   Section        0  h1_free.o(.text)
    .text                                    0x08002a34   Section      138  rt_memcpy_v6.o(.text)
    .text                                    0x08002abe   Section        0  heapauxi.o(.text)
    .text                                    0x08002ac4   Section        8  rt_heap_descriptor_intlibspace.o(.text)
    .text                                    0x08002acc   Section        0  hguard.o(.text)
    .text                                    0x08002ad0   Section        0  init_alloc.o(.text)
    .text                                    0x08002b5a   Section        0  h1_alloc.o(.text)
    .text                                    0x08002bb8   Section      100  rt_memcpy_w.o(.text)
    .text                                    0x08002c1c   Section       68  rt_memclr.o(.text)
    .text                                    0x08002c60   Section        8  libspace.o(.text)
    .text                                    0x08002c68   Section        0  h1_init.o(.text)
    .text                                    0x08002c76   Section        0  h1_extend.o(.text)
    .text                                    0x08002caa   Section        0  defsig_rtmem_outer.o(.text)
    .text                                    0x08002cb8   Section       78  rt_memclr_w.o(.text)
    .text                                    0x08002d06   Section       74  sys_stackheap_outer.o(.text)
    .text                                    0x08002d50   Section        0  exit.o(.text)
    .text                                    0x08002d5c   Section        0  defsig_exit.o(.text)
    .text                                    0x08002d68   Section        0  defsig_rtmem_inner.o(.text)
    .text                                    0x08002db8   Section        0  sys_exit.o(.text)
    .text                                    0x08002dc4   Section        2  use_no_semi.o(.text)
    .text                                    0x08002dc6   Section        0  defsig_general.o(.text)
    .text                                    0x08002dc6   Section        0  indicate_semi.o(.text)
    .text                                    0x08002df8   Section        0  sys_wrch.o(.text)
    .data                                    0x20000000   Section       20  system_stm32f10x.o(.data)
    .data                                    0x20000014   Section        4  fingerprint.o(.data)
    .data                                    0x20000018   Section        4  fingerprint.o(.data)
    .data                                    0x2000001c   Section        4  fingerprint.o(.data)
    .data                                    0x20000020   Section        4  fingerprint.o(.data)
    .data                                    0x20000024   Section      147  fingerprint.o(.data)
    .data                                    0x200000b7   Section        1  fingerprint.o(.data)
    .data                                    0x200000b8   Section        1  fingerprint.o(.data)
    .data                                    0x200000ba   Section        4  delay.o(.data)
    fac_us                                   0x200000ba   Data           1  delay.o(.data)
    fac_ms                                   0x200000bc   Data           2  delay.o(.data)
    .data                                    0x200000be   Section       14  usart.o(.data)
    .data                                    0x200000cc   Section        1  usart.o(.data)
    .data                                    0x200000d0   Section       24  communication.o(.data)
    .data                                    0x200000e8   Section        4  communication.o(.data)
    .data                                    0x200000ec   Section        2  communication.o(.data)
    .data                                    0x200000ee   Section        4  ds1302.o(.data)
    GPIO_InitStructure                       0x200000ee   Data           4  ds1302.o(.data)
    .data                                    0x200000f2   Section       20  stm32f10x_rcc.o(.data)
    ADCPrescTable                            0x200000f2   Data           4  stm32f10x_rcc.o(.data)
    APBAHBPrescTable                         0x200000f6   Data          16  stm32f10x_rcc.o(.data)
    .bss                                     0x20000108   Section       80  fingerprint.o(.bss)
    .bss                                     0x20000158   Section       50  usart.o(.bss)
    .bss                                     0x2000018c   Section       96  libspace.o(.bss)
    HEAP                                     0x200001f0   Section      512  startup_stm32f10x_hd.o(HEAP)
    Heap_Mem                                 0x200001f0   Data         512  startup_stm32f10x_hd.o(HEAP)
    STACK                                    0x200003f0   Section     1024  startup_stm32f10x_hd.o(STACK)
    Stack_Mem                                0x200003f0   Data        1024  startup_stm32f10x_hd.o(STACK)
    __initial_sp                             0x200007f0   Data           0  startup_stm32f10x_hd.o(STACK)

    Global Symbols

    Symbol Name                              Value     Ov Type        Size  Object(Section)

    BuildAttributes$$THM_ISAv4$P$D$K$B$S$PE$A:L22UL41UL21$X:L11$S22US41US21$IEEE1$IW$USESV6$~STKCKD$USESV7$~SHL$OTIME$ROPI$EBA8$UX$STANDARDLIB$REQ8$PRES8$EABIv2 0x00000000   Number         0  anon$$obj.o ABSOLUTE
    __ARM_use_no_argv                        0x00000000   Number         0  main.o ABSOLUTE
    __ARM_exceptions_init                     - Undefined Weak Reference
    __alloca_initialize                       - Undefined Weak Reference
    __arm_preinit_                            - Undefined Weak Reference
    __cpp_initialize__aeabi_                  - Undefined Weak Reference
    __cxa_finalize                            - Undefined Weak Reference
    __rt_locale                               - Undefined Weak Reference
    __sigvec_lookup                           - Undefined Weak Reference
    __user_heap_extent                        - Undefined Weak Reference
    _atexit_init                              - Undefined Weak Reference
    _call_atexit_fns                          - Undefined Weak Reference
    _clock_init                               - Undefined Weak Reference
    _fp_trap_init                             - Undefined Weak Reference
    _fp_trap_shutdown                         - Undefined Weak Reference
    _get_lc_collate                           - Undefined Weak Reference
    _get_lc_ctype                             - Undefined Weak Reference
    _get_lc_monetary                          - Undefined Weak Reference
    _get_lc_numeric                           - Undefined Weak Reference
    _get_lc_time                              - Undefined Weak Reference
    _getenv_init                              - Undefined Weak Reference
    _handle_redirection                       - Undefined Weak Reference
    _initio                                   - Undefined Weak Reference
    _mutex_acquire                            - Undefined Weak Reference
    _mutex_free                               - Undefined Weak Reference
    _mutex_release                            - Undefined Weak Reference
    _rand_init                                - Undefined Weak Reference
    _signal_finish                            - Undefined Weak Reference
    _signal_init                              - Undefined Weak Reference
    _terminateio                              - Undefined Weak Reference
    __Vectors_Size                           0x00000130   Number         0  startup_stm32f10x_hd.o ABSOLUTE
    __Vectors                                0x08000000   Data           4  startup_stm32f10x_hd.o(RESET)
    __Vectors_End                            0x08000130   Data           0  startup_stm32f10x_hd.o(RESET)
    __main                                   0x08000131   Thumb Code     8  __main.o(!!!main)
    __scatterload                            0x08000139   Thumb Code     0  __scatter.o(!!!scatter)
    __scatterload_rt2                        0x08000139   Thumb Code    44  __scatter.o(!!!scatter)
    __scatterload_rt2_thumb_only             0x08000139   Thumb Code     0  __scatter.o(!!!scatter)
    __scatterload_null                       0x08000147   Thumb Code     0  __scatter.o(!!!scatter)
    __scatterload_copy                       0x0800016d   Thumb Code    26  __scatter_copy.o(!!handler_copy)
    __scatterload_zeroinit                   0x08000189   Thumb Code    28  __scatter_zi.o(!!handler_zi)
    __rt_lib_init                            0x080001a5   Thumb Code     0  libinit.o(.ARM.Collect$$libinit$$00000000)
    __rt_lib_init_fp_1                       0x080001a7   Thumb Code     0  libinit2.o(.ARM.Collect$$libinit$$00000002)
    __rt_lib_init_heap_2                     0x080001a7   Thumb Code     0  libinit2.o(.ARM.Collect$$libinit$$00000005)
    __rt_lib_init_preinit_1                  0x080001a7   Thumb Code     0  libinit2.o(.ARM.Collect$$libinit$$00000004)
    __rt_lib_init_alloca_1                   0x080001af   Thumb Code     0  libinit2.o(.ARM.Collect$$libinit$$0000002E)
    __rt_lib_init_argv_1                     0x080001af   Thumb Code     0  libinit2.o(.ARM.Collect$$libinit$$0000002C)
    __rt_lib_init_atexit_1                   0x080001af   Thumb Code     0  libinit2.o(.ARM.Collect$$libinit$$0000001B)
    __rt_lib_init_clock_1                    0x080001af   Thumb Code     0  libinit2.o(.ARM.Collect$$libinit$$00000021)
    __rt_lib_init_cpp_1                      0x080001af   Thumb Code     0  libinit2.o(.ARM.Collect$$libinit$$00000032)
    __rt_lib_init_exceptions_1               0x080001af   Thumb Code     0  libinit2.o(.ARM.Collect$$libinit$$00000030)
    __rt_lib_init_fp_trap_1                  0x080001af   Thumb Code     0  libinit2.o(.ARM.Collect$$libinit$$0000001F)
    __rt_lib_init_getenv_1                   0x080001af   Thumb Code     0  libinit2.o(.ARM.Collect$$libinit$$00000023)
    __rt_lib_init_heap_1                     0x080001af   Thumb Code     0  libinit2.o(.ARM.Collect$$libinit$$0000000A)
    __rt_lib_init_lc_collate_1               0x080001af   Thumb Code     0  libinit2.o(.ARM.Collect$$libinit$$00000011)
    __rt_lib_init_lc_ctype_1                 0x080001af   Thumb Code     0  libinit2.o(.ARM.Collect$$libinit$$00000013)
    __rt_lib_init_lc_monetary_1              0x080001af   Thumb Code     0  libinit2.o(.ARM.Collect$$libinit$$00000015)
    __rt_lib_init_lc_numeric_1               0x080001af   Thumb Code     0  libinit2.o(.ARM.Collect$$libinit$$00000017)
    __rt_lib_init_lc_time_1                  0x080001af   Thumb Code     0  libinit2.o(.ARM.Collect$$libinit$$00000019)
    __rt_lib_init_rand_1                     0x080001af   Thumb Code     0  libinit2.o(.ARM.Collect$$libinit$$0000000E)
    __rt_lib_init_return                     0x080001af   Thumb Code     0  libinit2.o(.ARM.Collect$$libinit$$00000033)
    __rt_lib_init_signal_1                   0x080001af   Thumb Code     0  libinit2.o(.ARM.Collect$$libinit$$0000001D)
    __rt_lib_init_stdio_1                    0x080001af   Thumb Code     0  libinit2.o(.ARM.Collect$$libinit$$00000025)
    __rt_lib_init_user_alloc_1               0x080001af   Thumb Code     0  libinit2.o(.ARM.Collect$$libinit$$0000000C)
    __rt_lib_shutdown                        0x080001b1   Thumb Code     0  libshutdown.o(.ARM.Collect$$libshutdown$$00000000)
    __rt_lib_shutdown_fp_trap_1              0x080001b3   Thumb Code     0  libshutdown2.o(.ARM.Collect$$libshutdown$$00000006)
    __rt_lib_shutdown_heap_1                 0x080001b3   Thumb Code     0  libshutdown2.o(.ARM.Collect$$libshutdown$$0000000E)
    __rt_lib_shutdown_return                 0x080001b3   Thumb Code     0  libshutdown2.o(.ARM.Collect$$libshutdown$$0000000F)
    __rt_lib_shutdown_signal_1               0x080001b3   Thumb Code     0  libshutdown2.o(.ARM.Collect$$libshutdown$$00000009)
    __rt_lib_shutdown_stdio_1                0x080001b3   Thumb Code     0  libshutdown2.o(.ARM.Collect$$libshutdown$$00000003)
    __rt_lib_shutdown_user_alloc_1           0x080001b3   Thumb Code     0  libshutdown2.o(.ARM.Collect$$libshutdown$$0000000B)
    __rt_entry                               0x080001b5   Thumb Code     0  __rtentry.o(.ARM.Collect$$rtentry$$00000000)
    __rt_entry_presh_1                       0x080001b5   Thumb Code     0  __rtentry2.o(.ARM.Collect$$rtentry$$00000002)
    __rt_entry_sh                            0x080001b5   Thumb Code     0  __rtentry4.o(.ARM.Collect$$rtentry$$00000004)
    __rt_entry_li                            0x080001bb   Thumb Code     0  __rtentry2.o(.ARM.Collect$$rtentry$$0000000A)
    __rt_entry_postsh_1                      0x080001bb   Thumb Code     0  __rtentry2.o(.ARM.Collect$$rtentry$$00000009)
    __rt_entry_main                          0x080001bf   Thumb Code     0  __rtentry2.o(.ARM.Collect$$rtentry$$0000000D)
    __rt_entry_postli_1                      0x080001bf   Thumb Code     0  __rtentry2.o(.ARM.Collect$$rtentry$$0000000C)
    __rt_exit                                0x080001c7   Thumb Code     0  rtexit.o(.ARM.Collect$$rtexit$$00000000)
    __rt_exit_ls                             0x080001c9   Thumb Code     0  rtexit2.o(.ARM.Collect$$rtexit$$00000003)
    __rt_exit_prels_1                        0x080001c9   Thumb Code     0  rtexit2.o(.ARM.Collect$$rtexit$$00000002)
    __rt_exit_exit                           0x080001cd   Thumb Code     0  rtexit2.o(.ARM.Collect$$rtexit$$00000004)
    _maybe_terminate_alloc                   0x080001d5   Thumb Code     0  maybetermalloc1.o(.emb_text)
    main                                     0x080001d5   Thumb Code   290  main.o(.text)
    NMI_Handler                              0x0800031d   Thumb Code     2  stm32f10x_it.o(.text)
    HardFault_Handler                        0x0800031f   Thumb Code     2  stm32f10x_it.o(.text)
    MemManage_Handler                        0x08000321   Thumb Code     2  stm32f10x_it.o(.text)
    BusFault_Handler                         0x08000323   Thumb Code     2  stm32f10x_it.o(.text)
    UsageFault_Handler                       0x08000325   Thumb Code     2  stm32f10x_it.o(.text)
    SVC_Handler                              0x08000327   Thumb Code     2  stm32f10x_it.o(.text)
    DebugMon_Handler                         0x08000329   Thumb Code     2  stm32f10x_it.o(.text)
    PendSV_Handler                           0x0800032b   Thumb Code     2  stm32f10x_it.o(.text)
    SysTick_Handler                          0x0800032d   Thumb Code     2  stm32f10x_it.o(.text)
    SystemInit                               0x080003d9   Thumb Code    64  system_stm32f10x.o(.text)
    SystemCoreClockUpdate                    0x08000419   Thumb Code   106  system_stm32f10x.o(.text)
    TIM3_Int_Init                            0x080004a5   Thumb Code    90  timer.o(.text)
    TIM3_IRQHandler                          0x080004ff   Thumb Code    52  timer.o(.text)
    TxdByte                                  0x08000541   Thumb Code    36  fingerprint.o(.text)
    Command                                  0x08000565   Thumb Code   308  fingerprint.o(.text)
    VefPSW                                   0x08000699   Thumb Code    46  fingerprint.o(.text)
    Clear_All                                0x080006c7   Thumb Code    20  fingerprint.o(.text)
    ImgProcess                               0x080006db   Thumb Code   106  fingerprint.o(.text)
    Searchfinger                             0x08000745   Thumb Code    46  fingerprint.o(.text)
    search                                   0x08000773   Thumb Code    48  fingerprint.o(.text)
    savefingure                              0x080007a3   Thumb Code    70  fingerprint.o(.text)
    delfingure                               0x080007e9   Thumb Code    70  fingerprint.o(.text)
    enroll                                   0x0800082f   Thumb Code    88  fingerprint.o(.text)
    delay_init                               0x08000895   Thumb Code    46  delay.o(.text)
    delay_us                                 0x080008c3   Thumb Code    46  delay.o(.text)
    delay_ms                                 0x080008f1   Thumb Code    46  delay.o(.text)
    NVIC_Configuration                       0x0800092d   Thumb Code     8  sys.o(.text)
    uart_init                                0x08000935   Thumb Code   130  usart.o(.text)
    uart2_init                               0x080009b7   Thumb Code   192  usart.o(.text)
    sendUart2OneByte                         0x08000a77   Thumb Code    36  usart.o(.text)
    USART1_IRQHandler                        0x08000a9b   Thumb Code     2  usart.o(.text)
    receiveUSART2Packet                      0x08000a9d   Thumb Code   246  usart.o(.text)
    USART2_IRQHandler                        0x08000b93   Thumb Code    38  usart.o(.text)
    checkPacketCheckSumData                  0x08000bb9   Thumb Code    50  usart.o(.text)
    sendPacketFIFO                           0x08000c0d   Thumb Code    26  communication.o(.text)
    sendOnePacket                            0x08000c27   Thumb Code   140  communication.o(.text)
    sendUartUserID                           0x08000cb3   Thumb Code    56  communication.o(.text)
    sendUartAddNewUserID                     0x08000ceb   Thumb Code    56  communication.o(.text)
    sendUartAddNewAppointUserID              0x08000d23   Thumb Code    56  communication.o(.text)
    sendUartTimeData                         0x08000d5b   Thumb Code    42  communication.o(.text)
    sendUartLocatAddress                     0x08000d85   Thumb Code    36  communication.o(.text)
    sendUartOKData                           0x08000da9   Thumb Code    36  communication.o(.text)
    sendUartForResend                        0x08000dcd   Thumb Code    36  communication.o(.text)
    sendUartOKTimeCheck                      0x08000df1   Thumb Code    36  communication.o(.text)
    sendUartOKClearAll                       0x08000e15   Thumb Code    36  communication.o(.text)
    sendUartOKDelOneUser                     0x08000e39   Thumb Code    36  communication.o(.text)
    RespondToPacket                          0x08000e5d   Thumb Code   194  communication.o(.text)
    DS1302_Configuration                     0x08000f4d   Thumb Code    44  ds1302.o(.text)
    DS1302SendByte                           0x08000fa5   Thumb Code    60  ds1302.o(.text)
    DS1302ReceiveByte                        0x08000fe1   Thumb Code    60  ds1302.o(.text)
    timerBCDtoASCII                          0x0800101d   Thumb Code    52  ds1302.o(.text)
    timerASCIItoBCD                          0x08001051   Thumb Code    46  ds1302.o(.text)
    Write1302                                0x0800107f   Thumb Code    58  ds1302.o(.text)
    Read1302                                 0x080010b9   Thumb Code    60  ds1302.o(.text)
    DS1302_GetTime                           0x080010f5   Thumb Code    62  ds1302.o(.text)
    ReadDS1302Ram                            0x08001133   Thumb Code    10  ds1302.o(.text)
    WriteDS1302Ram                           0x0800113d   Thumb Code    38  ds1302.o(.text)
    ReadDSRam                                0x08001163   Thumb Code    42  ds1302.o(.text)
    WriteDSRam                               0x0800118d   Thumb Code    42  ds1302.o(.text)
    ReadDS1302Clock                          0x080011b7   Thumb Code    94  ds1302.o(.text)
    WriteDS1302Clock                         0x08001215   Thumb Code   102  ds1302.o(.text)
    ReadDS1302ClockASCII                     0x0800127b   Thumb Code    26  ds1302.o(.text)
    WriteDS1302ClockASCII                    0x08001295   Thumb Code    24  ds1302.o(.text)
    InitClock                                0x080012ad   Thumb Code    74  ds1302.o(.text)
    TestDS1302                               0x080012f7   Thumb Code   124  ds1302.o(.text)
    Reset_Handler                            0x08001375   Thumb Code     8  startup_stm32f10x_hd.o(.text)
    ADC1_2_IRQHandler                        0x0800138f   Thumb Code     0  startup_stm32f10x_hd.o(.text)
    ADC3_IRQHandler                          0x0800138f   Thumb Code     0  startup_stm32f10x_hd.o(.text)
    CAN1_RX1_IRQHandler                      0x0800138f   Thumb Code     0  startup_stm32f10x_hd.o(.text)
    CAN1_SCE_IRQHandler                      0x0800138f   Thumb Code     0  startup_stm32f10x_hd.o(.text)
    DMA1_Channel1_IRQHandler                 0x0800138f   Thumb Code     0  startup_stm32f10x_hd.o(.text)
    DMA1_Channel2_IRQHandler                 0x0800138f   Thumb Code     0  startup_stm32f10x_hd.o(.text)
    DMA1_Channel3_IRQHandler                 0x0800138f   Thumb Code     0  startup_stm32f10x_hd.o(.text)
    DMA1_Channel4_IRQHandler                 0x0800138f   Thumb Code     0  startup_stm32f10x_hd.o(.text)
    DMA1_Channel5_IRQHandler                 0x0800138f   Thumb Code     0  startup_stm32f10x_hd.o(.text)
    DMA1_Channel6_IRQHandler                 0x0800138f   Thumb Code     0  startup_stm32f10x_hd.o(.text)
    DMA1_Channel7_IRQHandler                 0x0800138f   Thumb Code     0  startup_stm32f10x_hd.o(.text)
    DMA2_Channel1_IRQHandler                 0x0800138f   Thumb Code     0  startup_stm32f10x_hd.o(.text)
    DMA2_Channel2_IRQHandler                 0x0800138f   Thumb Code     0  startup_stm32f10x_hd.o(.text)
    DMA2_Channel3_IRQHandler                 0x0800138f   Thumb Code     0  startup_stm32f10x_hd.o(.text)
    DMA2_Channel4_5_IRQHandler               0x0800138f   Thumb Code     0  startup_stm32f10x_hd.o(.text)
    EXTI0_IRQHandler                         0x0800138f   Thumb Code     0  startup_stm32f10x_hd.o(.text)
    EXTI15_10_IRQHandler                     0x0800138f   Thumb Code     0  startup_stm32f10x_hd.o(.text)
    EXTI1_IRQHandler                         0x0800138f   Thumb Code     0  startup_stm32f10x_hd.o(.text)
    EXTI2_IRQHandler                         0x0800138f   Thumb Code     0  startup_stm32f10x_hd.o(.text)
    EXTI3_IRQHandler                         0x0800138f   Thumb Code     0  startup_stm32f10x_hd.o(.text)
    EXTI4_IRQHandler                         0x0800138f   Thumb Code     0  startup_stm32f10x_hd.o(.text)
    EXTI9_5_IRQHandler                       0x0800138f   Thumb Code     0  startup_stm32f10x_hd.o(.text)
    FLASH_IRQHandler                         0x0800138f   Thumb Code     0  startup_stm32f10x_hd.o(.text)
    FSMC_IRQHandler                          0x0800138f   Thumb Code     0  startup_stm32f10x_hd.o(.text)
    I2C1_ER_IRQHandler                       0x0800138f   Thumb Code     0  startup_stm32f10x_hd.o(.text)
    I2C1_EV_IRQHandler                       0x0800138f   Thumb Code     0  startup_stm32f10x_hd.o(.text)
    I2C2_ER_IRQHandler                       0x0800138f   Thumb Code     0  startup_stm32f10x_hd.o(.text)
    I2C2_EV_IRQHandler                       0x0800138f   Thumb Code     0  startup_stm32f10x_hd.o(.text)
    PVD_IRQHandler                           0x0800138f   Thumb Code     0  startup_stm32f10x_hd.o(.text)
    RCC_IRQHandler                           0x0800138f   Thumb Code     0  startup_stm32f10x_hd.o(.text)
    RTCAlarm_IRQHandler                      0x0800138f   Thumb Code     0  startup_stm32f10x_hd.o(.text)
    RTC_IRQHandler                           0x0800138f   Thumb Code     0  startup_stm32f10x_hd.o(.text)
    SDIO_IRQHandler                          0x0800138f   Thumb Code     0  startup_stm32f10x_hd.o(.text)
    SPI1_IRQHandler                          0x0800138f   Thumb Code     0  startup_stm32f10x_hd.o(.text)
    SPI2_IRQHandler                          0x0800138f   Thumb Code     0  startup_stm32f10x_hd.o(.text)
    SPI3_IRQHandler                          0x0800138f   Thumb Code     0  startup_stm32f10x_hd.o(.text)
    TAMPER_IRQHandler                        0x0800138f   Thumb Code     0  startup_stm32f10x_hd.o(.text)
    TIM1_BRK_IRQHandler                      0x0800138f   Thumb Code     0  startup_stm32f10x_hd.o(.text)
    TIM1_CC_IRQHandler                       0x0800138f   Thumb Code     0  startup_stm32f10x_hd.o(.text)
    TIM1_TRG_COM_IRQHandler                  0x0800138f   Thumb Code     0  startup_stm32f10x_hd.o(.text)
    TIM1_UP_IRQHandler                       0x0800138f   Thumb Code     0  startup_stm32f10x_hd.o(.text)
    TIM2_IRQHandler                          0x0800138f   Thumb Code     0  startup_stm32f10x_hd.o(.text)
    TIM4_IRQHandler                          0x0800138f   Thumb Code     0  startup_stm32f10x_hd.o(.text)
    TIM5_IRQHandler                          0x0800138f   Thumb Code     0  startup_stm32f10x_hd.o(.text)
    TIM6_IRQHandler                          0x0800138f   Thumb Code     0  startup_stm32f10x_hd.o(.text)
    TIM7_IRQHandler                          0x0800138f   Thumb Code     0  startup_stm32f10x_hd.o(.text)
    TIM8_BRK_IRQHandler                      0x0800138f   Thumb Code     0  startup_stm32f10x_hd.o(.text)
    TIM8_CC_IRQHandler                       0x0800138f   Thumb Code     0  startup_stm32f10x_hd.o(.text)
    TIM8_TRG_COM_IRQHandler                  0x0800138f   Thumb Code     0  startup_stm32f10x_hd.o(.text)
    TIM8_UP_IRQHandler                       0x0800138f   Thumb Code     0  startup_stm32f10x_hd.o(.text)
    UART4_IRQHandler                         0x0800138f   Thumb Code     0  startup_stm32f10x_hd.o(.text)
    UART5_IRQHandler                         0x0800138f   Thumb Code     0  startup_stm32f10x_hd.o(.text)
    USART3_IRQHandler                        0x0800138f   Thumb Code     0  startup_stm32f10x_hd.o(.text)
    USBWakeUp_IRQHandler                     0x0800138f   Thumb Code     0  startup_stm32f10x_hd.o(.text)
    USB_HP_CAN1_TX_IRQHandler                0x0800138f   Thumb Code     0  startup_stm32f10x_hd.o(.text)
    USB_LP_CAN1_RX0_IRQHandler               0x0800138f   Thumb Code     0  startup_stm32f10x_hd.o(.text)
    WWDG_IRQHandler                          0x0800138f   Thumb Code     0  startup_stm32f10x_hd.o(.text)
    __user_initial_stackheap                 0x08001391   Thumb Code     0  startup_stm32f10x_hd.o(.text)
    GPIO_DeInit                              0x080013b5   Thumb Code   188  stm32f10x_gpio.o(.text)
    GPIO_AFIODeInit                          0x08001471   Thumb Code    22  stm32f10x_gpio.o(.text)
    GPIO_Init                                0x08001487   Thumb Code   166  stm32f10x_gpio.o(.text)
    GPIO_StructInit                          0x0800152d   Thumb Code    16  stm32f10x_gpio.o(.text)
    GPIO_ReadInputDataBit                    0x0800153d   Thumb Code    14  stm32f10x_gpio.o(.text)
    GPIO_ReadInputData                       0x0800154b   Thumb Code     6  stm32f10x_gpio.o(.text)
    GPIO_ReadOutputDataBit                   0x08001551   Thumb Code    14  stm32f10x_gpio.o(.text)
    GPIO_ReadOutputData                      0x0800155f   Thumb Code     6  stm32f10x_gpio.o(.text)
    GPIO_SetBits                             0x08001565   Thumb Code     4  stm32f10x_gpio.o(.text)
    GPIO_ResetBits                           0x08001569   Thumb Code     4  stm32f10x_gpio.o(.text)
    GPIO_WriteBit                            0x0800156d   Thumb Code    12  stm32f10x_gpio.o(.text)
    GPIO_Write                               0x08001579   Thumb Code     4  stm32f10x_gpio.o(.text)
    GPIO_PinLockConfig                       0x0800157d   Thumb Code    16  stm32f10x_gpio.o(.text)
    GPIO_EventOutputConfig                   0x0800158d   Thumb Code    22  stm32f10x_gpio.o(.text)
    GPIO_EventOutputCmd                      0x080015a3   Thumb Code     6  stm32f10x_gpio.o(.text)
    GPIO_PinRemapConfig                      0x080015a9   Thumb Code    86  stm32f10x_gpio.o(.text)
    GPIO_EXTILineConfig                      0x080015ff   Thumb Code    34  stm32f10x_gpio.o(.text)
    GPIO_ETH_MediaInterfaceConfig            0x08001621   Thumb Code     8  stm32f10x_gpio.o(.text)
    RCC_DeInit                               0x0800164d   Thumb Code    50  stm32f10x_rcc.o(.text)
    RCC_HSEConfig                            0x0800167f   Thumb Code    50  stm32f10x_rcc.o(.text)
    RCC_GetFlagStatus                        0x080016b1   Thumb Code    42  stm32f10x_rcc.o(.text)
    RCC_WaitForHSEStartUp                    0x080016db   Thumb Code    48  stm32f10x_rcc.o(.text)
    RCC_AdjustHSICalibrationValue            0x0800170b   Thumb Code    16  stm32f10x_rcc.o(.text)
    RCC_HSICmd                               0x0800171b   Thumb Code     6  stm32f10x_rcc.o(.text)
    RCC_PLLConfig                            0x08001721   Thumb Code    16  stm32f10x_rcc.o(.text)
    RCC_PLLCmd                               0x08001731   Thumb Code     6  stm32f10x_rcc.o(.text)
    RCC_SYSCLKConfig                         0x08001737   Thumb Code    14  stm32f10x_rcc.o(.text)
    RCC_GetSYSCLKSource                      0x08001745   Thumb Code    10  stm32f10x_rcc.o(.text)
    RCC_HCLKConfig                           0x0800174f   Thumb Code    14  stm32f10x_rcc.o(.text)
    RCC_PCLK1Config                          0x0800175d   Thumb Code    14  stm32f10x_rcc.o(.text)
    RCC_PCLK2Config                          0x0800176b   Thumb Code    16  stm32f10x_rcc.o(.text)
    RCC_ITConfig                             0x0800177b   Thumb Code    22  stm32f10x_rcc.o(.text)
    RCC_USBCLKConfig                         0x08001791   Thumb Code     8  stm32f10x_rcc.o(.text)
    RCC_ADCCLKConfig                         0x08001799   Thumb Code    14  stm32f10x_rcc.o(.text)
    RCC_LSEConfig                            0x080017a7   Thumb Code    36  stm32f10x_rcc.o(.text)
    RCC_LSICmd                               0x080017cb   Thumb Code     6  stm32f10x_rcc.o(.text)
    RCC_RTCCLKConfig                         0x080017d1   Thumb Code    10  stm32f10x_rcc.o(.text)
    RCC_RTCCLKCmd                            0x080017db   Thumb Code     8  stm32f10x_rcc.o(.text)
    RCC_GetClocksFreq                        0x080017e3   Thumb Code   154  stm32f10x_rcc.o(.text)
    RCC_AHBPeriphClockCmd                    0x0800187d   Thumb Code    22  stm32f10x_rcc.o(.text)
    RCC_APB2PeriphClockCmd                   0x08001893   Thumb Code    22  stm32f10x_rcc.o(.text)
    RCC_APB1PeriphClockCmd                   0x080018a9   Thumb Code    22  stm32f10x_rcc.o(.text)
    RCC_APB2PeriphResetCmd                   0x080018bf   Thumb Code    22  stm32f10x_rcc.o(.text)
    RCC_APB1PeriphResetCmd                   0x080018d5   Thumb Code    22  stm32f10x_rcc.o(.text)
    RCC_BackupResetCmd                       0x080018eb   Thumb Code     8  stm32f10x_rcc.o(.text)
    RCC_ClockSecuritySystemCmd               0x080018f3   Thumb Code     6  stm32f10x_rcc.o(.text)
    RCC_MCOConfig                            0x080018f9   Thumb Code     6  stm32f10x_rcc.o(.text)
    RCC_ClearFlag                            0x080018ff   Thumb Code    12  stm32f10x_rcc.o(.text)
    RCC_GetITStatus                          0x0800190b   Thumb Code    16  stm32f10x_rcc.o(.text)
    RCC_ClearITPendingBit                    0x0800191b   Thumb Code     6  stm32f10x_rcc.o(.text)
    USART_DeInit                             0x08001941   Thumb Code   144  stm32f10x_usart.o(.text)
    USART_Init                               0x080019d1   Thumb Code   182  stm32f10x_usart.o(.text)
    USART_StructInit                         0x08001a87   Thumb Code    22  stm32f10x_usart.o(.text)
    USART_ClockInit                          0x08001a9d   Thumb Code    30  stm32f10x_usart.o(.text)
    USART_ClockStructInit                    0x08001abb   Thumb Code    12  stm32f10x_usart.o(.text)
    USART_Cmd                                0x08001ac7   Thumb Code    24  stm32f10x_usart.o(.text)
    USART_ITConfig                           0x08001adf   Thumb Code    54  stm32f10x_usart.o(.text)
    USART_DMACmd                             0x08001b15   Thumb Code    20  stm32f10x_usart.o(.text)
    USART_SetAddress                         0x08001b29   Thumb Code    16  stm32f10x_usart.o(.text)
    USART_WakeUpConfig                       0x08001b39   Thumb Code    16  stm32f10x_usart.o(.text)
    USART_ReceiverWakeUpCmd                  0x08001b49   Thumb Code    24  stm32f10x_usart.o(.text)
    USART_LINBreakDetectLengthConfig         0x08001b61   Thumb Code    16  stm32f10x_usart.o(.text)
    USART_LINCmd                             0x08001b71   Thumb Code    24  stm32f10x_usart.o(.text)
    USART_SendData                           0x08001b89   Thumb Code     8  stm32f10x_usart.o(.text)
    USART_ReceiveData                        0x08001b91   Thumb Code     8  stm32f10x_usart.o(.text)
    USART_SendBreak                          0x08001b99   Thumb Code    10  stm32f10x_usart.o(.text)
    USART_SetGuardTime                       0x08001ba3   Thumb Code    16  stm32f10x_usart.o(.text)
    USART_SetPrescaler                       0x08001bb3   Thumb Code    16  stm32f10x_usart.o(.text)
    USART_SmartCardCmd                       0x08001bc3   Thumb Code    24  stm32f10x_usart.o(.text)
    USART_SmartCardNACKCmd                   0x08001bdb   Thumb Code    24  stm32f10x_usart.o(.text)
    USART_HalfDuplexCmd                      0x08001bf3   Thumb Code    24  stm32f10x_usart.o(.text)
    USART_OverSampling8Cmd                   0x08001c0b   Thumb Code    24  stm32f10x_usart.o(.text)
    USART_OneBitMethodCmd                    0x08001c23   Thumb Code    24  stm32f10x_usart.o(.text)
    USART_IrDAConfig                         0x08001c3b   Thumb Code    16  stm32f10x_usart.o(.text)
    USART_IrDACmd                            0x08001c4b   Thumb Code    24  stm32f10x_usart.o(.text)
    USART_GetFlagStatus                      0x08001c63   Thumb Code    14  stm32f10x_usart.o(.text)
    USART_ClearFlag                          0x08001c71   Thumb Code     8  stm32f10x_usart.o(.text)
    USART_GetITStatus                        0x08001c79   Thumb Code    64  stm32f10x_usart.o(.text)
    USART_ClearITPendingBit                  0x08001cb9   Thumb Code    16  stm32f10x_usart.o(.text)
    NVIC_PriorityGroupConfig                 0x08001cdd   Thumb Code    10  misc.o(.text)
    NVIC_Init                                0x08001ce7   Thumb Code    96  misc.o(.text)
    NVIC_SetVectorTable                      0x08001d47   Thumb Code    14  misc.o(.text)
    NVIC_SystemLPConfig                      0x08001d55   Thumb Code    24  misc.o(.text)
    SysTick_CLKSourceConfig                  0x08001d6d   Thumb Code    28  misc.o(.text)
    TIM_DeInit                               0x08001d95   Thumb Code   464  stm32f10x_tim.o(.text)
    TIM_TimeBaseInit                         0x08001f65   Thumb Code   114  stm32f10x_tim.o(.text)
    TIM_OC1Init                              0x08001fd7   Thumb Code   114  stm32f10x_tim.o(.text)
    TIM_OC2Init                              0x08002049   Thumb Code   128  stm32f10x_tim.o(.text)
    TIM_OC3Init                              0x080020c9   Thumb Code   124  stm32f10x_tim.o(.text)
    TIM_OC4Init                              0x08002145   Thumb Code   160  stm32f10x_tim.o(.text)
    TIM_SetIC4Prescaler                      0x080021e5   Thumb Code    24  stm32f10x_tim.o(.text)
    TIM_SetIC3Prescaler                      0x08002263   Thumb Code    16  stm32f10x_tim.o(.text)
    TIM_SetIC2Prescaler                      0x080022d5   Thumb Code    24  stm32f10x_tim.o(.text)
    TIM_SetIC1Prescaler                      0x08002353   Thumb Code    16  stm32f10x_tim.o(.text)
    TIM_ICInit                               0x080023c1   Thumb Code   114  stm32f10x_tim.o(.text)
    TIM_PWMIConfig                           0x08002433   Thumb Code   106  stm32f10x_tim.o(.text)
    TIM_BDTRConfig                           0x0800249d   Thumb Code    34  stm32f10x_tim.o(.text)
    TIM_TimeBaseStructInit                   0x080024bf   Thumb Code    18  stm32f10x_tim.o(.text)
    TIM_OCStructInit                         0x080024d1   Thumb Code    20  stm32f10x_tim.o(.text)
    TIM_ICStructInit                         0x080024e5   Thumb Code    16  stm32f10x_tim.o(.text)
    TIM_BDTRStructInit                       0x080024f5   Thumb Code    18  stm32f10x_tim.o(.text)
    TIM_Cmd                                  0x08002507   Thumb Code    24  stm32f10x_tim.o(.text)
    TIM_CtrlPWMOutputs                       0x0800251f   Thumb Code    28  stm32f10x_tim.o(.text)
    TIM_ITConfig                             0x0800253b   Thumb Code    20  stm32f10x_tim.o(.text)
    TIM_GenerateEvent                        0x0800254f   Thumb Code     4  stm32f10x_tim.o(.text)
    TIM_DMAConfig                            0x08002553   Thumb Code     8  stm32f10x_tim.o(.text)
    TIM_DMACmd                               0x0800255b   Thumb Code    20  stm32f10x_tim.o(.text)
    TIM_InternalClockConfig                  0x0800256f   Thumb Code    10  stm32f10x_tim.o(.text)
    TIM_SelectInputTrigger                   0x08002579   Thumb Code    12  stm32f10x_tim.o(.text)
    TIM_ITRxExternalClockConfig              0x08002585   Thumb Code    20  stm32f10x_tim.o(.text)
    TIM_TIxExternalClockConfig               0x08002599   Thumb Code    48  stm32f10x_tim.o(.text)
    TIM_ETRConfig                            0x080025c9   Thumb Code    24  stm32f10x_tim.o(.text)
    TIM_ETRClockMode1Config                  0x080025e1   Thumb Code    52  stm32f10x_tim.o(.text)
    TIM_ETRClockMode2Config                  0x08002615   Thumb Code    20  stm32f10x_tim.o(.text)
    TIM_PrescalerConfig                      0x08002629   Thumb Code     6  stm32f10x_tim.o(.text)
    TIM_CounterModeConfig                    0x0800262f   Thumb Code    12  stm32f10x_tim.o(.text)
    TIM_EncoderInterfaceConfig               0x0800263b   Thumb Code    50  stm32f10x_tim.o(.text)
    TIM_ForcedOC1Config                      0x0800266d   Thumb Code    12  stm32f10x_tim.o(.text)
    TIM_ForcedOC2Config                      0x08002679   Thumb Code    20  stm32f10x_tim.o(.text)
    TIM_ForcedOC3Config                      0x0800268d   Thumb Code    12  stm32f10x_tim.o(.text)
    TIM_ForcedOC4Config                      0x08002699   Thumb Code    20  stm32f10x_tim.o(.text)
    TIM_ARRPreloadConfig                     0x080026ad   Thumb Code    24  stm32f10x_tim.o(.text)
    TIM_SelectCOM                            0x080026c5   Thumb Code    24  stm32f10x_tim.o(.text)
    TIM_SelectCCDMA                          0x080026dd   Thumb Code    24  stm32f10x_tim.o(.text)
    TIM_CCPreloadControl                     0x080026f5   Thumb Code    24  stm32f10x_tim.o(.text)
    TIM_OC1PreloadConfig                     0x0800270d   Thumb Code    12  stm32f10x_tim.o(.text)
    TIM_OC2PreloadConfig                     0x08002719   Thumb Code    20  stm32f10x_tim.o(.text)
    TIM_OC3PreloadConfig                     0x0800272d   Thumb Code    12  stm32f10x_tim.o(.text)
    TIM_OC4PreloadConfig                     0x08002739   Thumb Code    20  stm32f10x_tim.o(.text)
    TIM_OC1FastConfig                        0x0800274d   Thumb Code    12  stm32f10x_tim.o(.text)
    TIM_OC2FastConfig                        0x08002759   Thumb Code    20  stm32f10x_tim.o(.text)
    TIM_OC3FastConfig                        0x0800276d   Thumb Code    12  stm32f10x_tim.o(.text)
    TIM_OC4FastConfig                        0x08002779   Thumb Code    20  stm32f10x_tim.o(.text)
    TIM_ClearOC1Ref                          0x0800278d   Thumb Code    12  stm32f10x_tim.o(.text)
    TIM_ClearOC2Ref                          0x08002799   Thumb Code    20  stm32f10x_tim.o(.text)
    TIM_ClearOC3Ref                          0x080027ad   Thumb Code    12  stm32f10x_tim.o(.text)
    TIM_ClearOC4Ref                          0x080027b9   Thumb Code    20  stm32f10x_tim.o(.text)
    TIM_OC1PolarityConfig                    0x080027cd   Thumb Code    12  stm32f10x_tim.o(.text)
    TIM_OC1NPolarityConfig                   0x080027d9   Thumb Code    12  stm32f10x_tim.o(.text)
    TIM_OC2PolarityConfig                    0x080027e5   Thumb Code    20  stm32f10x_tim.o(.text)
    TIM_OC2NPolarityConfig                   0x080027f9   Thumb Code    20  stm32f10x_tim.o(.text)
    TIM_OC3PolarityConfig                    0x0800280d   Thumb Code    20  stm32f10x_tim.o(.text)
    TIM_OC3NPolarityConfig                   0x08002821   Thumb Code    20  stm32f10x_tim.o(.text)
    TIM_OC4PolarityConfig                    0x08002835   Thumb Code    20  stm32f10x_tim.o(.text)
    TIM_CCxCmd                               0x08002849   Thumb Code    22  stm32f10x_tim.o(.text)
    TIM_CCxNCmd                              0x0800285f   Thumb Code    22  stm32f10x_tim.o(.text)
    TIM_SelectOCxM                           0x08002875   Thumb Code    76  stm32f10x_tim.o(.text)
    TIM_UpdateDisableConfig                  0x080028c1   Thumb Code    24  stm32f10x_tim.o(.text)
    TIM_UpdateRequestConfig                  0x080028d9   Thumb Code    24  stm32f10x_tim.o(.text)
    TIM_SelectHallSensor                     0x080028f1   Thumb Code    24  stm32f10x_tim.o(.text)
    TIM_SelectOnePulseMode                   0x08002909   Thumb Code    16  stm32f10x_tim.o(.text)
    TIM_SelectOutputTrigger                  0x08002919   Thumb Code    16  stm32f10x_tim.o(.text)
    TIM_SelectSlaveMode                      0x08002929   Thumb Code    16  stm32f10x_tim.o(.text)
    TIM_SelectMasterSlaveMode                0x08002939   Thumb Code    16  stm32f10x_tim.o(.text)
    TIM_SetCounter                           0x08002949   Thumb Code     4  stm32f10x_tim.o(.text)
    TIM_SetAutoreload                        0x0800294d   Thumb Code     4  stm32f10x_tim.o(.text)
    TIM_SetCompare1                          0x08002951   Thumb Code     4  stm32f10x_tim.o(.text)
    TIM_SetCompare2                          0x08002955   Thumb Code     4  stm32f10x_tim.o(.text)
    TIM_SetCompare3                          0x08002959   Thumb Code     4  stm32f10x_tim.o(.text)
    TIM_SetCompare4                          0x0800295d   Thumb Code     6  stm32f10x_tim.o(.text)
    TIM_SetClockDivision                     0x08002963   Thumb Code    16  stm32f10x_tim.o(.text)
    TIM_GetCapture1                          0x08002973   Thumb Code     4  stm32f10x_tim.o(.text)
    TIM_GetCapture2                          0x08002977   Thumb Code     4  stm32f10x_tim.o(.text)
    TIM_GetCapture3                          0x0800297b   Thumb Code     4  stm32f10x_tim.o(.text)
    TIM_GetCapture4                          0x0800297f   Thumb Code     6  stm32f10x_tim.o(.text)
    TIM_GetCounter                           0x08002985   Thumb Code     4  stm32f10x_tim.o(.text)
    TIM_GetPrescaler                         0x08002989   Thumb Code     4  stm32f10x_tim.o(.text)
    TIM_GetFlagStatus                        0x0800298d   Thumb Code    14  stm32f10x_tim.o(.text)
    TIM_ClearFlag                            0x0800299b   Thumb Code     6  stm32f10x_tim.o(.text)
    TIM_GetITStatus                          0x080029a1   Thumb Code    24  stm32f10x_tim.o(.text)
    TIM_ClearITPendingBit                    0x080029b9   Thumb Code     6  stm32f10x_tim.o(.text)
    calloc                                   0x080029bf   Thumb Code    40  calloc.o(.text)
    free                                     0x080029e7   Thumb Code    78  h1_free.o(.text)
    __aeabi_memcpy                           0x08002a35   Thumb Code     0  rt_memcpy_v6.o(.text)
    __rt_memcpy                              0x08002a35   Thumb Code   138  rt_memcpy_v6.o(.text)
    _memcpy_lastbytes                        0x08002a9b   Thumb Code     0  rt_memcpy_v6.o(.text)
    __use_two_region_memory                  0x08002abf   Thumb Code     2  heapauxi.o(.text)
    __rt_heap_escrow                         0x08002ac1   Thumb Code     2  heapauxi.o(.text)
    __rt_heap_expand                         0x08002ac3   Thumb Code     2  heapauxi.o(.text)
    __rt_heap_descriptor                     0x08002ac5   Thumb Code     8  rt_heap_descriptor_intlibspace.o(.text)
    __use_no_heap                            0x08002acd   Thumb Code     2  hguard.o(.text)
    __heap$guard                             0x08002acf   Thumb Code     2  hguard.o(.text)
    _terminate_user_alloc                    0x08002ad1   Thumb Code     2  init_alloc.o(.text)
    _init_user_alloc                         0x08002ad3   Thumb Code     2  init_alloc.o(.text)
    __Heap_Full                              0x08002ad5   Thumb Code    34  init_alloc.o(.text)
    __Heap_Broken                            0x08002af7   Thumb Code     6  init_alloc.o(.text)
    _init_alloc                              0x08002afd   Thumb Code    94  init_alloc.o(.text)
    malloc                                   0x08002b5b   Thumb Code    94  h1_alloc.o(.text)
    __aeabi_memcpy4                          0x08002bb9   Thumb Code     0  rt_memcpy_w.o(.text)
    __aeabi_memcpy8                          0x08002bb9   Thumb Code     0  rt_memcpy_w.o(.text)
    __rt_memcpy_w                            0x08002bb9   Thumb Code   100  rt_memcpy_w.o(.text)
    _memcpy_lastbytes_aligned                0x08002c01   Thumb Code     0  rt_memcpy_w.o(.text)
    __aeabi_memclr                           0x08002c1d   Thumb Code     0  rt_memclr.o(.text)
    __rt_memclr                              0x08002c1d   Thumb Code    68  rt_memclr.o(.text)
    _memset                                  0x08002c21   Thumb Code     0  rt_memclr.o(.text)
    __user_libspace                          0x08002c61   Thumb Code     8  libspace.o(.text)
    __user_perproc_libspace                  0x08002c61   Thumb Code     0  libspace.o(.text)
    __user_perthread_libspace                0x08002c61   Thumb Code     0  libspace.o(.text)
    __Heap_Initialize                        0x08002c69   Thumb Code    10  h1_init.o(.text)
    __Heap_DescSize                          0x08002c73   Thumb Code     4  h1_init.o(.text)
    __Heap_ProvideMemory                     0x08002c77   Thumb Code    52  h1_extend.o(.text)
    __rt_SIGRTMEM                            0x08002cab   Thumb Code    14  defsig_rtmem_outer.o(.text)
    __aeabi_memclr4                          0x08002cb9   Thumb Code     0  rt_memclr_w.o(.text)
    __aeabi_memclr8                          0x08002cb9   Thumb Code     0  rt_memclr_w.o(.text)
    __rt_memclr_w                            0x08002cb9   Thumb Code    78  rt_memclr_w.o(.text)
    _memset_w                                0x08002cbd   Thumb Code     0  rt_memclr_w.o(.text)
    __user_setup_stackheap                   0x08002d07   Thumb Code    74  sys_stackheap_outer.o(.text)
    exit                                     0x08002d51   Thumb Code    12  exit.o(.text)
    __sig_exit                               0x08002d5d   Thumb Code    10  defsig_exit.o(.text)
    __rt_SIGRTMEM_inner                      0x08002d69   Thumb Code    22  defsig_rtmem_inner.o(.text)
    _sys_exit                                0x08002db9   Thumb Code     8  sys_exit.o(.text)
    __I$use$semihosting                      0x08002dc5   Thumb Code     0  use_no_semi.o(.text)
    __use_no_semihosting_swi                 0x08002dc5   Thumb Code     2  use_no_semi.o(.text)
    __default_signal_display                 0x08002dc7   Thumb Code    50  defsig_general.o(.text)
    __semihosting_library_function           0x08002dc7   Thumb Code     0  indicate_semi.o(.text)
    _ttywrch                                 0x08002df9   Thumb Code    14  sys_wrch.o(.text)
    Region$$Table$$Base                      0x08002e08   Number         0  anon$$obj.o(Region$$Table)
    Region$$Table$$Limit                     0x08002e28   Number         0  anon$$obj.o(Region$$Table)
    SystemCoreClock                          0x20000000   Data           4  system_stm32f10x.o(.data)
    AHBPrescTable                            0x20000004   Data          16  system_stm32f10x.o(.data)
    SaveNumber                               0x20000014   Data           4  fingerprint.o(.data)
    IsAppointUserID                          0x20000018   Data           4  fingerprint.o(.data)
    DelNumber                                0x2000001c   Data           4  fingerprint.o(.data)
    searchnum                                0x20000020   Data           4  fingerprint.o(.data)
    changeflag                               0x20000024   Data           1  fingerprint.o(.data)
    FifoNumber                               0x20000025   Data           1  fingerprint.o(.data)
    SearchNumber                             0x20000028   Data           4  fingerprint.o(.data)
    clk0                                     0x2000002c   Data           4  fingerprint.o(.data)
    VPWD                                     0x20000030   Data          17  fingerprint.o(.data)
    GIMG                                     0x20000041   Data          13  fingerprint.o(.data)
    GENT1                                    0x2000004e   Data          14  fingerprint.o(.data)
    GENT2                                    0x2000005c   Data          14  fingerprint.o(.data)
    SEAT                                     0x2000006a   Data          18  fingerprint.o(.data)
    MERG                                     0x2000007c   Data          13  fingerprint.o(.data)
    STOR                                     0x20000089   Data          16  fingerprint.o(.data)
    DelChar                                  0x20000099   Data          17  fingerprint.o(.data)
    DELE_all                                 0x200000aa   Data          13  fingerprint.o(.data)
    modeflag                                 0x200000b7   Data           1  fingerprint.o(.data)
    clearallflag                             0x200000b8   Data           1  fingerprint.o(.data)
    receiveCountSign                         0x200000be   Data           1  usart.o(.data)
    isThePacketStart                         0x200000bf   Data           1  usart.o(.data)
    isThePacketEnd                           0x200000c0   Data           1  usart.o(.data)
    packetSignDataByte                       0x200000c1   Data           1  usart.o(.data)
    packetResponseCommandData                0x200000c2   Data           1  usart.o(.data)
    readRequestFlag                          0x200000c3   Data           1  usart.o(.data)
    sendLocalAddressFlag                     0x200000c4   Data           1  usart.o(.data)
    packetFollowLengthData                   0x200000c6   Data           2  usart.o(.data)
    packetUserSendDataLength                 0x200000c8   Data           2  usart.o(.data)
    packetCheckSumData                       0x200000ca   Data           2  usart.o(.data)
    isDisableCheckSum                        0x200000cc   Data           1  usart.o(.data)
    Protocol_packetSignByte                  0x200000d0   Data           1  communication.o(.data)
    Protocol_responseCommandByte             0x200000d1   Data           1  communication.o(.data)
    userIDPerfixByte                         0x200000d2   Data           1  communication.o(.data)
    Protocol_packetStratData                 0x200000d3   Data           2  communication.o(.data)
    Protocol_packetFollowLengthData          0x200000d5   Data           2  communication.o(.data)
    Protocol_checkSumDataHex                 0x200000d7   Data           2  communication.o(.data)
    Protocol_packetAllDataSumLength          0x200000da   Data           2  communication.o(.data)
    Protocol_packetFollowLength              0x200000dc   Data           2  communication.o(.data)
    Protocol_addressData                     0x200000de   Data           4  communication.o(.data)
    communicatFIFO                           0x200000e4   Data           4  communication.o(.data)
    Protocol_addressReadRequestData          0x200000e8   Data           4  communication.o(.data)
    addNewUserID                             0x200000ec   Data           2  communication.o(.data)
    FIFO                                     0x20000108   Data          80  fingerprint.o(.bss)
    packetUserReceiveData                    0x20000158   Data          50  usart.o(.bss)
    __libspace_start                         0x2000018c   Data          96  libspace.o(.bss)
    __temporary_stack_top$libspace           0x200001ec   Data           0  libspace.o(.bss)



==============================================================================

Memory Map of the image

  Image Entry point : 0x08000131

  Load Region LR_IROM1 (Base: 0x08000000, Size: 0x00002f30, Max: 0x00040000, ABSOLUTE)

    Execution Region ER_IROM1 (Base: 0x08000000, Size: 0x00002e28, Max: 0x00040000, ABSOLUTE)

    Base Addr    Size         Type   Attr      Idx    E Section Name        Object

    0x08000000   0x00000130   Data   RO          283    RESET               startup_stm32f10x_hd.o
    0x08000130   0x00000008   Code   RO          414  * !!!main             c_w.l(__main.o)
    0x08000138   0x00000034   Code   RO          626    !!!scatter          c_w.l(__scatter.o)
    0x0800016c   0x0000001a   Code   RO          628    !!handler_copy      c_w.l(__scatter_copy.o)
    0x08000186   0x00000002   PAD
    0x08000188   0x0000001c   Code   RO          630    !!handler_zi        c_w.l(__scatter_zi.o)
    0x080001a4   0x00000002   Code   RO          557    .ARM.Collect$$libinit$$00000000  c_w.l(libinit.o)
    0x080001a6   0x00000000   Code   RO          490    .ARM.Collect$$libinit$$00000002  c_w.l(libinit2.o)
    0x080001a6   0x00000000   Code   RO          492    .ARM.Collect$$libinit$$00000004  c_w.l(libinit2.o)
    0x080001a6   0x00000008   Code   RO          493    .ARM.Collect$$libinit$$00000005  c_w.l(libinit2.o)
    0x080001ae   0x00000000   Code   RO          495    .ARM.Collect$$libinit$$0000000A  c_w.l(libinit2.o)
    0x080001ae   0x00000000   Code   RO          497    .ARM.Collect$$libinit$$0000000C  c_w.l(libinit2.o)
    0x080001ae   0x00000000   Code   RO          499    .ARM.Collect$$libinit$$0000000E  c_w.l(libinit2.o)
    0x080001ae   0x00000000   Code   RO          502    .ARM.Collect$$libinit$$00000011  c_w.l(libinit2.o)
    0x080001ae   0x00000000   Code   RO          504    .ARM.Collect$$libinit$$00000013  c_w.l(libinit2.o)
    0x080001ae   0x00000000   Code   RO          506    .ARM.Collect$$libinit$$00000015  c_w.l(libinit2.o)
    0x080001ae   0x00000000   Code   RO          508    .ARM.Collect$$libinit$$00000017  c_w.l(libinit2.o)
    0x080001ae   0x00000000   Code   RO          510    .ARM.Collect$$libinit$$00000019  c_w.l(libinit2.o)
    0x080001ae   0x00000000   Code   RO          512    .ARM.Collect$$libinit$$0000001B  c_w.l(libinit2.o)
    0x080001ae   0x00000000   Code   RO          514    .ARM.Collect$$libinit$$0000001D  c_w.l(libinit2.o)
    0x080001ae   0x00000000   Code   RO          516    .ARM.Collect$$libinit$$0000001F  c_w.l(libinit2.o)
    0x080001ae   0x00000000   Code   RO          518    .ARM.Collect$$libinit$$00000021  c_w.l(libinit2.o)
    0x080001ae   0x00000000   Code   RO          520    .ARM.Collect$$libinit$$00000023  c_w.l(libinit2.o)
    0x080001ae   0x00000000   Code   RO          522    .ARM.Collect$$libinit$$00000025  c_w.l(libinit2.o)
    0x080001ae   0x00000000   Code   RO          526    .ARM.Collect$$libinit$$0000002C  c_w.l(libinit2.o)
    0x080001ae   0x00000000   Code   RO          528    .ARM.Collect$$libinit$$0000002E  c_w.l(libinit2.o)
    0x080001ae   0x00000000   Code   RO          530    .ARM.Collect$$libinit$$00000030  c_w.l(libinit2.o)
    0x080001ae   0x00000000   Code   RO          532    .ARM.Collect$$libinit$$00000032  c_w.l(libinit2.o)
    0x080001ae   0x00000002   Code   RO          533    .ARM.Collect$$libinit$$00000033  c_w.l(libinit2.o)
    0x080001b0   0x00000002   Code   RO          623    .ARM.Collect$$libshutdown$$00000000  c_w.l(libshutdown.o)
    0x080001b2   0x00000000   Code   RO          581    .ARM.Collect$$libshutdown$$00000003  c_w.l(libshutdown2.o)
    0x080001b2   0x00000000   Code   RO          584    .ARM.Collect$$libshutdown$$00000006  c_w.l(libshutdown2.o)
    0x080001b2   0x00000000   Code   RO          587    .ARM.Collect$$libshutdown$$00000009  c_w.l(libshutdown2.o)
    0x080001b2   0x00000000   Code   RO          589    .ARM.Collect$$libshutdown$$0000000B  c_w.l(libshutdown2.o)
    0x080001b2   0x00000000   Code   RO          592    .ARM.Collect$$libshutdown$$0000000E  c_w.l(libshutdown2.o)
    0x080001b2   0x00000002   Code   RO          593    .ARM.Collect$$libshutdown$$0000000F  c_w.l(libshutdown2.o)
    0x080001b4   0x00000000   Code   RO          418    .ARM.Collect$$rtentry$$00000000  c_w.l(__rtentry.o)
    0x080001b4   0x00000000   Code   RO          454    .ARM.Collect$$rtentry$$00000002  c_w.l(__rtentry2.o)
    0x080001b4   0x00000006   Code   RO          466    .ARM.Collect$$rtentry$$00000004  c_w.l(__rtentry4.o)
    0x080001ba   0x00000000   Code   RO          456    .ARM.Collect$$rtentry$$00000009  c_w.l(__rtentry2.o)
    0x080001ba   0x00000004   Code   RO          457    .ARM.Collect$$rtentry$$0000000A  c_w.l(__rtentry2.o)
    0x080001be   0x00000000   Code   RO          459    .ARM.Collect$$rtentry$$0000000C  c_w.l(__rtentry2.o)
    0x080001be   0x00000008   Code   RO          460    .ARM.Collect$$rtentry$$0000000D  c_w.l(__rtentry2.o)
    0x080001c6   0x00000002   Code   RO          565    .ARM.Collect$$rtexit$$00000000  c_w.l(rtexit.o)
    0x080001c8   0x00000000   Code   RO          597    .ARM.Collect$$rtexit$$00000002  c_w.l(rtexit2.o)
    0x080001c8   0x00000004   Code   RO          598    .ARM.Collect$$rtexit$$00000003  c_w.l(rtexit2.o)
    0x080001cc   0x00000006   Code   RO          599    .ARM.Collect$$rtexit$$00000004  c_w.l(rtexit2.o)
    0x080001d2   0x00000002   PAD
    0x080001d4   0x00000000   Code   RO          468    .emb_text           c_w.l(maybetermalloc1.o)
    0x080001d4   0x00000148   Code   RO            1    .text               main.o
    0x0800031c   0x00000012   Code   RO           79    .text               stm32f10x_it.o
    0x0800032e   0x00000002   PAD
    0x08000330   0x00000174   Code   RO          111    .text               system_stm32f10x.o
    0x080004a4   0x0000009c   Code   RO          129    .text               timer.o
    0x08000540   0x00000354   Code   RO          145    .text               fingerprint.o
    0x08000894   0x00000098   Code   RO          170    .text               delay.o
    0x0800092c   0x00000008   Code   RO          184    .text               sys.o
    0x08000934   0x000002d8   Code   RO          196    .text               usart.o
    0x08000c0c   0x00000340   Code   RO          219    .text               communication.o
    0x08000f4c   0x00000426   Code   RO          253    .text               ds1302.o
    0x08001372   0x00000002   PAD
    0x08001374   0x00000040   Code   RO          284    .text               startup_stm32f10x_hd.o
    0x080013b4   0x00000298   Code   RO          288    .text               stm32f10x_gpio.o
    0x0800164c   0x000002f4   Code   RO          300    .text               stm32f10x_rcc.o
    0x08001940   0x0000039c   Code   RO          314    .text               stm32f10x_usart.o
    0x08001cdc   0x000000b8   Code   RO          326    .text               misc.o
    0x08001d94   0x00000c2a   Code   RO          338    .text               stm32f10x_tim.o
    0x080029be   0x00000028   Code   RO          354    .text               c_w.l(calloc.o)
    0x080029e6   0x0000004e   Code   RO          356    .text               c_w.l(h1_free.o)
    0x08002a34   0x0000008a   Code   RO          410    .text               c_w.l(rt_memcpy_v6.o)
    0x08002abe   0x00000006   Code   RO          412    .text               c_w.l(heapauxi.o)
    0x08002ac4   0x00000008   Code   RO          422    .text               c_w.l(rt_heap_descriptor_intlibspace.o)
    0x08002acc   0x00000004   Code   RO          424    .text               c_w.l(hguard.o)
    0x08002ad0   0x0000008a   Code   RO          426    .text               c_w.l(init_alloc.o)
    0x08002b5a   0x0000005e   Code   RO          432    .text               c_w.l(h1_alloc.o)
    0x08002bb8   0x00000064   Code   RO          446    .text               c_w.l(rt_memcpy_w.o)
    0x08002c1c   0x00000044   Code   RO          448    .text               c_w.l(rt_memclr.o)
    0x08002c60   0x00000008   Code   RO          450    .text               c_w.l(libspace.o)
    0x08002c68   0x0000000e   Code   RO          470    .text               c_w.l(h1_init.o)
    0x08002c76   0x00000034   Code   RO          472    .text               c_w.l(h1_extend.o)
    0x08002caa   0x0000000e   Code   RO          478    .text               c_w.l(defsig_rtmem_outer.o)
    0x08002cb8   0x0000004e   Code   RO          482    .text               c_w.l(rt_memclr_w.o)
    0x08002d06   0x0000004a   Code   RO          536    .text               c_w.l(sys_stackheap_outer.o)
    0x08002d50   0x0000000c   Code   RO          544    .text               c_w.l(exit.o)
    0x08002d5c   0x0000000a   Code   RO          546    .text               c_w.l(defsig_exit.o)
    0x08002d66   0x00000002   PAD
    0x08002d68   0x00000050   Code   RO          548    .text               c_w.l(defsig_rtmem_inner.o)
    0x08002db8   0x0000000c   Code   RO          560    .text               c_w.l(sys_exit.o)
    0x08002dc4   0x00000002   Code   RO          562    .text               c_w.l(use_no_semi.o)
    0x08002dc6   0x00000000   Code   RO          564    .text               c_w.l(indicate_semi.o)
    0x08002dc6   0x00000032   Code   RO          573    .text               c_w.l(defsig_general.o)
    0x08002df8   0x0000000e   Code   RO          594    .text               c_w.l(sys_wrch.o)
    0x08002e06   0x00000002   PAD
    0x08002e08   0x00000020   Data   RO          624    Region$$Table       anon$$obj.o


    Execution Region RW_IRAM1 (Base: 0x20000000, Size: 0x000007f0, Max: 0x0000c000, ABSOLUTE)

    Base Addr    Size         Type   Attr      Idx    E Section Name        Object

    0x20000000   0x00000014   Data   RW          112    .data               system_stm32f10x.o
    0x20000014   0x00000004   Data   RW          147    .data               fingerprint.o
    0x20000018   0x00000004   Data   RW          148    .data               fingerprint.o
    0x2000001c   0x00000004   Data   RW          149    .data               fingerprint.o
    0x20000020   0x00000004   Data   RW          150    .data               fingerprint.o
    0x20000024   0x00000093   Data   RW          151    .data               fingerprint.o
    0x200000b7   0x00000001   Data   RW          152    .data               fingerprint.o
    0x200000b8   0x00000001   Data   RW          153    .data               fingerprint.o
    0x200000b9   0x00000001   PAD
    0x200000ba   0x00000004   Data   RW          171    .data               delay.o
    0x200000be   0x0000000e   Data   RW          200    .data               usart.o
    0x200000cc   0x00000001   Data   RW          201    .data               usart.o
    0x200000cd   0x00000003   PAD
    0x200000d0   0x00000018   Data   RW          220    .data               communication.o
    0x200000e8   0x00000004   Data   RW          221    .data               communication.o
    0x200000ec   0x00000002   Data   RW          222    .data               communication.o
    0x200000ee   0x00000004   Data   RW          254    .data               ds1302.o
    0x200000f2   0x00000014   Data   RW          301    .data               stm32f10x_rcc.o
    0x20000106   0x00000002   PAD
    0x20000108   0x00000050   Zero   RW          146    .bss                fingerprint.o
    0x20000158   0x00000032   Zero   RW          197    .bss                usart.o
    0x2000018a   0x00000002   PAD
    0x2000018c   0x00000060   Zero   RW          451    .bss                c_w.l(libspace.o)
    0x200001ec   0x00000004   PAD
    0x200001f0   0x00000200   Zero   RW          282    HEAP                startup_stm32f10x_hd.o
    0x200003f0   0x00000400   Zero   RW          281    STACK               startup_stm32f10x_hd.o


==============================================================================

Image component sizes


      Code (inc. data)   RO Data    RW Data    ZI Data      Debug   Object Name

       832         46          0         30          0       5629   communication.o
         0          0          0          0          0         32   core_cm3.o
       152         14          0          4          0       1215   delay.o
      1062         24          0          4          0       5677   ds1302.o
       852         14          0        165         80       5558   fingerprint.o
       328         38          0          0          0     233691   main.o
       184         12          0          0          0       2125   misc.o
        64         26        304          0       1536        860   startup_stm32f10x_hd.o
       664         36          0          0          0       6393   stm32f10x_gpio.o
        18          0          0          0          0       1250   stm32f10x_it.o
       756         32          0         20          0       9608   stm32f10x_rcc.o
      3114         84          0          0          0      25168   stm32f10x_tim.o
       924         20          0          0          0       9336   stm32f10x_usart.o
         8          0          0          0          0        513   sys.o
       372         34          0         20          0       2051   system_stm32f10x.o
       156         14          0          0          0      21308   timer.o
       728         34          0         15         50       4026   usart.o

    ----------------------------------------------------------------------
     10218        428        336        264       1668     334440   Object Totals
         0          0         32          0          0          0   (incl. Generated)
         4          0          0          6          2          0   (incl. Padding)

    ----------------------------------------------------------------------

      Code (inc. data)   RO Data    RW Data    ZI Data      Debug   Library Member Name

         8          0          0          0          0         68   __main.o
         0          0          0          0          0          0   __rtentry.o
        12          0          0          0          0          0   __rtentry2.o
         6          0          0          0          0          0   __rtentry4.o
        52          8          0          0          0          0   __scatter.o
        26          0          0          0          0          0   __scatter_copy.o
        28          0          0          0          0          0   __scatter_zi.o
        40          0          0          0          0         80   calloc.o
        10          0          0          0          0         68   defsig_exit.o
        50          0          0          0          0         88   defsig_general.o
        80         58          0          0          0         76   defsig_rtmem_inner.o
        14          0          0          0          0         80   defsig_rtmem_outer.o
        12          0          0          0          0         72   exit.o
        94          0          0          0          0         80   h1_alloc.o
        52          0          0          0          0         68   h1_extend.o
        78          0          0          0          0         80   h1_free.o
        14          0          0          0          0         84   h1_init.o
         6          0          0          0          0        152   heapauxi.o
         4          0          0          0          0        136   hguard.o
         0          0          0          0          0          0   indicate_semi.o
       138          0          0          0          0        168   init_alloc.o
         2          0          0          0          0          0   libinit.o
        10          0          0          0          0          0   libinit2.o
         2          0          0          0          0          0   libshutdown.o
         2          0          0          0          0          0   libshutdown2.o
         8          4          0          0         96         68   libspace.o
         0          0          0          0          0          0   maybetermalloc1.o
         8          4          0          0          0         68   rt_heap_descriptor_intlibspace.o
        68          0          0          0          0         68   rt_memclr.o
        78          0          0          0          0         80   rt_memclr_w.o
       138          0          0          0          0         68   rt_memcpy_v6.o
       100          0          0          0          0         80   rt_memcpy_w.o
         2          0          0          0          0          0   rtexit.o
        10          0          0          0          0          0   rtexit2.o
        12          4          0          0          0         68   sys_exit.o
        74          0          0          0          0         80   sys_stackheap_outer.o
        14          0          0          0          0         76   sys_wrch.o
         2          0          0          0          0         68   use_no_semi.o

    ----------------------------------------------------------------------
      1262         78          0          0        100       2024   Library Totals
         8          0          0          0          4          0   (incl. Padding)

    ----------------------------------------------------------------------

      Code (inc. data)   RO Data    RW Data    ZI Data      Debug   Library Name

      1254         78          0          0         96       2024   c_w.l

    ----------------------------------------------------------------------
      1262         78          0          0        100       2024   Library Totals

    ----------------------------------------------------------------------

==============================================================================


      Code (inc. data)   RO Data    RW Data    ZI Data      Debug   

     11480        506        336        264       1768     334068   Grand Totals
     11480        506        336        264       1768     334068   ELF Image Totals
     11480        506        336        264          0          0   ROM Totals

==============================================================================

    Total RO  Size (Code + RO Data)                11816 (  11.54kB)
    Total RW  Size (RW Data + ZI Data)              2032 (   1.98kB)
    Total ROM Size (Code + RO Data + RW Data)      12080 (  11.80kB)

==============================================================================

